<html>
<body>
<pre>
<h1>µVision Build Log</h1>
<h2>Project:</h2>
E:\Users\Pal\DEVICES\UKU207_VD\SOFT\UKU\UKU.uvproj
Project File Date:  12/02/2022

<h2>Output:</h2>
Build target 'VD'
assembling startup_LPC17xx.s...
creating preprocessor file for Net_Config_HTTP.c...
compiling Net_Config_HTTP.c...
creating preprocessor file for common_func.c...
compiling common_func.c...
creating preprocessor file for control.c...
compiling control.c...
control.c(2443): warning:  #177-D: label "avg_hndl_end" was declared but never referenced
control.c(2450): warning:  #177-D: variable "i" was declared but never referenced
control.c(4054): warning:  #223-D: function "avar_overload_hndl" declared implicitly
control.c(4065): warning:  #223-D: function "avar_overload_hndl" declared implicitly
control.c(4085): warning:  #223-D: function "avar_u_out_hndl" declared implicitly
control.c(4097): warning:  #223-D: function "avar_u_out_hndl" declared implicitly
control.c(4110): warning:  #223-D: function "avar_u_out_hndl" declared implicitly
control.c(4122): warning:  #223-D: function "avar_u_out_hndl" declared implicitly
control.c(4135): warning:  #223-D: function "avar_u_in_hndl" declared implicitly
control.c(4147): warning:  #223-D: function "avar_u_in_hndl" declared implicitly
control.c(4160): warning:  #223-D: function "avar_u_in_hndl" declared implicitly
control.c(4172): warning:  #223-D: function "avar_u_in_hndl" declared implicitly
control.c(4192): warning:  #223-D: function "avar_sys_t_hndl" declared implicitly
control.c(4204): warning:  #223-D: function "avar_sys_t_hndl" declared implicitly
control.c(4216): warning: C3017W: temp_SL may be used before being set
creating preprocessor file for mess.c...
compiling mess.c...
creating preprocessor file for ret.c...
compiling ret.c...
creating preprocessor file for gran.c...
compiling gran.c...
creating preprocessor file for avar_hndl.c...
avar_hndl.c(228): warning:  #9-D: nested comment is not allowed
avar_hndl.c(229): warning:  #9-D: nested comment is not allowed
compiling avar_hndl.c...
avar_hndl.c(228): warning:  #9-D: nested comment is not allowed
avar_hndl.c(229): warning:  #9-D: nested comment is not allowed
creating preprocessor file for eeprom_map.c...
compiling eeprom_map.c...
creating preprocessor file for main.c...
compiling main.c...
main.c(1370): warning:  #177-D: variable "ptr_cnt" was declared but never referenced
main.c(1370): warning:  #177-D: variable "ptr_cnt1" was declared but never referenced
main.c(1370): warning:  #177-D: variable "ptr_cnt2" was declared but never referenced
main.c(1370): warning:  #177-D: variable "ptr_cnt3" was declared but never referenced
main.c(1370): warning:  #177-D: variable "ptr_cnt4" was declared but never referenced
main.c(1949): warning:  #192-D: unrecognized character escape sequence
main.c(2735): warning:  #175-D: subscript out of range
main.c(3544): warning:  #177-D: variable "sss" was declared but never referenced
main.c(1403): warning:  #177-D: variable "ii_" was declared but never referenced
main.c(1404): warning:  #177-D: variable "cnt_ind_bat" was declared but never referenced
main.c(6564): warning:  #223-D: function "avar_sys_t_hndl" declared implicitly
main.c(14056): warning:  #177-D: label "but_an_end" was declared but never referenced
main.c(14441): warning:  #186-D: pointless comparison of unsigned integer with zero
main.c(14499): warning:  #223-D: function "sc16is700_init" declared implicitly
main.c(14526): warning:  #223-D: function "can_in_an1" declared implicitly
main.c(14533): warning:  #223-D: function "modbus_in" declared implicitly
main.c(14583): warning:  #223-D: function "sc16is700_uart_hndl" declared implicitly
main.c(14654): warning:  #223-D: function "u_avar_hndl" declared implicitly
main.c(14655): warning:  #223-D: function "t_sys_avar_hndl" declared implicitly
main.c(14656): warning:  #223-D: function "overload_hndl" declared implicitly
main.c(14674): warning:  #223-D: function "rele_av_hndl" declared implicitly
main.c(14711): warning:  #223-D: function "u_out_reg_hndl" declared implicitly
main.c(14738): warning:  #223-D: function "npn_hndl" declared implicitly
main.c(14753): warning:  #223-D: function "powerAntiAliasingHndl" declared implicitly
main.c(14762): warning:  #223-D: function "vd_is_work_hndl" declared implicitly
main.c(14778): warning:  #223-D: function "numOfForvardBps_hndl" declared implicitly
main.c(791): warning:  #177-D: function "timer_poll" was declared but never referenced
main.c(6191): warning: C3487E: read from variable 'av_head_int' with offset out of bounds
creating preprocessor file for simbols.c...
compiling simbols.c...
creating preprocessor file for graphic.c...
compiling graphic.c...
graphic.c(182): warning:  #177-D: variable "num_bite" was declared but never referenced
graphic.c(183): warning:  #177-D: variable "y_bit_begin" was declared but never referenced
graphic.c(348): warning:  #550-D: variable "s" was set but never used
graphic.c(349): warning:  #550-D: variable "minus" was set but never used
graphic.c(350): warning:  #550-D: variable "zero_on" was set but never used
graphic.c(351): warning:  #550-D: variable "simb_num" was set but never used
creating preprocessor file for snmp_data_file.c...
compiling snmp_data_file.c...
creating preprocessor file for SNMP_MIB.c...
compiling SNMP_MIB.c...
creating preprocessor file for memo.c...
compiling memo.c...
creating preprocessor file for system_LPC17xx.c...
compiling system_LPC17xx.c...
creating preprocessor file for Timer.c...
compiling Timer.c...
creating preprocessor file for beep.c...
compiling beep.c...
creating preprocessor file for ad7705.c...
compiling ad7705.c...
ad7705.c(19): warning:  #61-D: integer operation result is out of range
ad7705.c(19): warning:  #68-D: integer conversion resulted in a change of sign
creating preprocessor file for lcd_AGM1232_uku207_3.c...
compiling lcd_AGM1232_uku207_3.c...
creating preprocessor file for 25lc640.c...
compiling 25lc640.c...
25lc640.c(30): warning:  #61-D: integer operation result is out of range
25lc640.c(30): warning:  #68-D: integer conversion resulted in a change of sign
25lc640.c(48): warning:  #61-D: integer operation result is out of range
25lc640.c(48): warning:  #68-D: integer conversion resulted in a change of sign
creating preprocessor file for full_can.c...
compiling full_can.c...
full_can.c(644): warning:  #174-D: expression has no effect
full_can.c(1415): warning:  #514-D: pointless comparison of unsigned integer with a negative constant
full_can.c(1499): warning:  #186-D: pointless comparison of unsigned integer with zero
full_can.c(1515): warning:  #186-D: pointless comparison of unsigned integer with zero
full_can.c(1530): warning:  #186-D: pointless comparison of unsigned integer with zero
full_can.c(1595): warning:  #223-D: function "mem_copy" declared implicitly
full_can.c(1612): warning:  #223-D: function "mem_copy" declared implicitly
full_can.c(1629): warning:  #223-D: function "mem_copy" declared implicitly
full_can.c(1646): warning:  #223-D: function "mem_copy" declared implicitly
full_can.c(1663): warning:  #223-D: function "mem_copy" declared implicitly
full_can.c(1680): warning:  #223-D: function "mem_copy" declared implicitly
full_can.c(1820): warning:  #177-D: label "CAN_IN_AN1_end" was declared but never referenced
full_can.c(1904): warning:  #177-D: variable "ptr" was declared but never referenced
full_can.c(1904): warning:  #177-D: variable "j" was declared but never referenced
full_can.c(2026): warning:  #550-D: variable "temp" was set but never used
full_can.c(2053): warning:  #550-D: variable "temp" was set but never used
creating preprocessor file for uart0.c...
compiling uart0.c...
uart0.c(208): warning:  #177-D: variable "UOB" was declared but never referenced
uart0.c(567): warning:  #223-D: function "mem_copy" declared implicitly
uart0.c(579): warning:  #223-D: function "mem_copy" declared implicitly
creating preprocessor file for modbus.c...
modbus.c(1301): warning:  #9-D: nested comment is not allowed
compiling modbus.c...
modbus.c(304): warning:  #167-D: argument of type "unsigned char *" is incompatible with parameter of type "char *"
modbus.c(307): warning:  #167-D: argument of type "unsigned char *" is incompatible with parameter of type "char *"
modbus.c(368): warning:  #167-D: argument of type "unsigned char *" is incompatible with parameter of type "char *"
modbus.c(371): warning:  #167-D: argument of type "unsigned char *" is incompatible with parameter of type "char *"
modbus.c(1301): warning:  #9-D: nested comment is not allowed
modbus.c(1356): warning:  #513-D: a value of type "signed char *" cannot be assigned to an entity of type "char *"
modbus.c(1141): warning:  #177-D: variable "tempS" was declared but never referenced
creating preprocessor file for bat_driver.c...
bat_driver.c(42): warning:  #1-D: last line of file ends without a newline
compiling bat_driver.c...
bat_driver.c(7): warning:  #223-D: function "lc640_read_int" declared implicitly
bat_driver.c(31): warning:  #223-D: function "uart_out_buff0" declared implicitly
bat_driver.c(38): warning:  #223-D: function "lc640_read_int" declared implicitly
bat_driver.c(40): warning:  #223-D: function "UARTInit" declared implicitly
bat_driver.c(42): warning:  #1-D: last line of file ends without a newline
creating preprocessor file for mcp2515.c...
compiling mcp2515.c...
mcp2515.c(176): warning:  #177-D: variable "temp_index" was declared but never referenced
mcp2515.c(176): warning:  #177-D: variable "c_temp" was declared but never referenced
mcp2515.c(177): warning:  #177-D: variable "ch_cnt" was declared but never referenced
mcp2515.c(27): warning: C3017W: temp may be used before being set
creating preprocessor file for sacred_sun.c...
sacred_sun.c(64): warning:  #1-D: last line of file ends without a newline
compiling sacred_sun.c...
sacred_sun.c(49): warning:  #223-D: function "isalnum" declared implicitly
sacred_sun.c(51): warning:  #223-D: function "isdigit" declared implicitly
sacred_sun.c(55): warning:  #223-D: function "islower" declared implicitly
sacred_sun.c(59): warning:  #223-D: function "isupper" declared implicitly
sacred_sun.c(64): warning:  #1-D: last line of file ends without a newline
sacred_sun.c(64): warning:  #940-D: missing return statement at end of non-void function "ascii2halFhex"
creating preprocessor file for sc16is7xx.c...
compiling sc16is7xx.c...
sc16is7xx.c(21): warning:  #61-D: integer operation result is out of range
sc16is7xx.c(21): warning:  #68-D: integer conversion resulted in a change of sign
sc16is7xx.c(41): warning:  #223-D: function "spi1" declared implicitly
sc16is7xx.c(51): warning:  #223-D: function "spi1" declared implicitly
sc16is7xx.c(63): warning:  #223-D: function "spi1" declared implicitly
creating preprocessor file for ztt.c...
compiling ztt.c...
creating preprocessor file for MODBUS_TCP.c...
MODBUS_TCP.c(394): warning:  #1-D: last line of file ends without a newline
compiling MODBUS_TCP.c...
MODBUS_TCP.c(70): warning:  #223-D: function "modbus_hold_registers_transmit" declared implicitly
MODBUS_TCP.c(82): warning:  #223-D: function "mem_copy" declared implicitly
MODBUS_TCP.c(105): warning:  #223-D: function "modbus_input_registers_transmit" declared implicitly
MODBUS_TCP.c(117): warning:  #223-D: function "mem_copy" declared implicitly
MODBUS_TCP.c(335): warning:  #223-D: function "modbus_hold_registers_transmit" declared implicitly
MODBUS_TCP.c(348): warning:  #223-D: function "mem_copy" declared implicitly
MODBUS_TCP.c(63): warning:  #177-D: variable "modbus_tcp_tx_buff" was declared but never referenced
MODBUS_TCP.c(394): warning:  #1-D: last line of file ends without a newline
creating preprocessor file for EMAC_LPC17xx.c...
compiling EMAC_LPC17xx.c...
linking...
Program Size: Code=147264 RO-data=2932 RW-data=23140 ZI-data=36816  
FromELF: creating hex file...
".\EXE\UKU_VD.axf" - 0 Error(s), 111 Warning(s).
