ARM Linker, 4.1 [Build 644] [Standard]

==============================================================================

Section Cross References

    startup_lpc17xx.o(RESET) refers to startup_lpc17xx.o(STACK) for __initial_sp
    startup_lpc17xx.o(RESET) refers to startup_lpc17xx.o(.text) for Reset_Handler
    startup_lpc17xx.o(RESET) refers to main.o(.text) for SysTick_Handler
    startup_lpc17xx.o(RESET) refers to timer.o(.text) for TIMER0_IRQHandler
    startup_lpc17xx.o(RESET) refers to uart0.o(.text) for UART0_IRQHandler
    startup_lpc17xx.o(RESET) refers to full_can.o(.text) for CAN_IRQHandler
    startup_lpc17xx.o(RESET) refers to emac_lpc17xx.o(.text) for ENET_IRQHandler
    startup_lpc17xx.o(.text) refers to entry.o(.ARM.Collect$$$$00000000) for __main
    net_config_http.o(.text) refers to at_ethernet.o(i.init_eth_link) for init_eth_link
    net_config_http.o(.text) refers to at_udp.o(i.init_udp) for init_udp
    net_config_http.o(.text) refers to at_tcp.o(i.init_tcp) for init_tcp
    net_config_http.o(.text) refers to at_snmp.o(i.init_snmp) for init_snmp
    net_config_http.o(.text) refers to at_ethernet.o(i.run_eth_link) for run_eth_link
    net_config_http.o(.text) refers to at_tcp.o(i.tcp_poll_sockets) for tcp_poll_sockets
    net_config_http.o(.text) refers to at_snmp.o(i.run_snmp_agent) for run_snmp_agent
    net_config_http.o(.text) refers to at_udp.o(i.process_udp) for process_udp
    net_config_http.o(.text) refers to at_tcp.o(i.process_tcp) for process_tcp
    net_config_http.o(.text) refers to at_ethernet.o(i.eth_send_frame) for eth_send_frame
    common_func.o(.text) refers to main.o(.data) for lcd_buffer
    common_func.o(.text) refers to main.o(.data) for dig
    common_func.o(.text) refers to main.o(.data) for zero_on
    common_func.o(.text) refers to 25lc640.o(.text) for lc640_read_int
    common_func.o(.text) refers to main.o(.constdata) for sm_mont
    common_func.o(.text) refers to ret.o(.text) for ret
    common_func.o(.text) refers to main.o(.constdata) for ABCDEF
    common_func.o(.text) refers to main.o(.bss) for b_ind
    common_func.o(.text) refers to common_func.o(.text) for bin2bcd_int
    common_func.o(.text) refers to main.o(.data) for dig
    common_func.o(.text) refers to main.o(.data) for lcd_buffer
    common_func.o(.text) refers to common_func.o(.text) for bin2bcd_int
    common_func.o(.text) refers to main.o(.data) for dig
    common_func.o(.text) refers to main.o(.data) for lcd_buffer
    common_func.o(.text) refers to common_func.o(.text) for find
    common_func.o(.text) refers to main.o(.constdata) for ABCDEF
    common_func.o(.text) refers to main.o(.data) for lcd_buffer
    common_func.o(.text) refers to main.o(.constdata) for ABCDEF
    common_func.o(.text) refers to main.o(.data) for lcd_buffer
    common_func.o(.text) refers to main.o(.constdata) for ABCDEF
    common_func.o(.text) refers to main.o(.data) for lcd_buffer
    common_func.o(.text) refers to main.o(.constdata) for ABCDEF
    common_func.o(.text) refers to main.o(.data) for lcd_buffer
    control.o(.text) refers to 25lc640.o(.text) for lc640_write_int
    control.o(.text) refers to gran.o(.text) for gran_char
    control.o(.text) refers to mess.o(.text) for mess_send
    control.o(.text) refers to common_func.o(.text) for abs
    control.o(.text) refers to control.o(.data) for .data
    control.o(.text) refers to main.o(.bss) for bat
    control.o(.text) refers to main.o(.data) for IKB
    control.o(.text) refers to eeprom_map.o(.constdata) for ADR_EE_BAT_ZAR_CNT_KE
    control.o(.text) refers to main.o(.data) for bat_u_old_cnt
    control.o(.text) refers to main.o(.data) for Kibat0
    control.o(.text) refers to ad7705.o(.data) for ad7705_buff_
    control.o(.text) refers to eeprom_map.o(.constdata) for ADR_KI0BAT
    control.o(.text) refers to main.o(.data) for KunetA
    control.o(.text) refers to main.o(.data) for KunetB
    control.o(.text) refers to main.o(.data) for KunetC
    control.o(.text) refers to control.o(.bss) for .bss
    control.o(.text) refers to main.o(.data) for Kunet
    control.o(.text) refers to main.o(.data) for Kubat
    control.o(.text) refers to main.o(.data) for Kubatm
    control.o(.text) refers to main.o(.data) for Kibat1
    control.o(.text) refers to main.o(.data) for Ktbat
    control.o(.text) refers to main.o(.data) for Kuload
    control.o(.text) refers to main.o(.data) for Kuout
    control.o(.text) refers to main.o(.data) for Kuvd
    control.o(.text) refers to main.o(.data) for Kubps
    control.o(.text) refers to main.o(.data) for bps_I
    control.o(.text) refers to main.o(.data) for Ktext
    control.o(.text) refers to main.o(.data) for ibat_metr_buff_
    control.o(.text) refers to main.o(.data) for adc_buff_ext_
    control.o(.text) refers to main.o(.data) for Kunet_ext
    control.o(.text) refers to main.o(.bss) for eb2_data_short
[...]
    UONPN                                    0x10000152   Data           2  main.o(.data)
    UVNPN                                    0x10000154   Data           2  main.o(.data)
    TERMOKOMPENS                             0x10000156   Data           2  main.o(.data)
    TBOXWARMON                               0x10000158   Data           2  main.o(.data)
    TBOXWARMOFF                              0x1000015a   Data           2  main.o(.data)
    BAT_TYPE                                 0x1000015c   Data           2  main.o(.data)
    FORVARDBPSCHHOUR                         0x1000015e   Data           2  main.o(.data)
    NUMBAT                                   0x10000160   Data           2  main.o(.data)
    NUMBAT_TELECORE                          0x10000162   Data           2  main.o(.data)
    NUMIST                                   0x10000164   Data           2  main.o(.data)
    NUMINV                                   0x10000166   Data           2  main.o(.data)
    NUMDT                                    0x10000168   Data           2  main.o(.data)
    NUMSK                                    0x1000016a   Data           2  main.o(.data)
    NUMAVT                                   0x1000016c   Data           2  main.o(.data)
    NUMMAKB                                  0x1000016e   Data           2  main.o(.data)
    U_OUT_KONTR_MAX                          0x10000170   Data           2  main.o(.data)
    U_OUT_KONTR_MIN                          0x10000172   Data           2  main.o(.data)
    U_OUT_KONTR_DELAY                        0x10000174   Data           2  main.o(.data)
    DOP_RELE_FUNC                            0x10000176   Data           2  main.o(.data)
    TVENTMAX                                 0x10000178   Data           2  main.o(.data)
    ICA_EN                                   0x1000017a   Data           2  main.o(.data)
    ICA_CH                                   0x1000017c   Data           2  main.o(.data)
    ICA_MODBUS_ADDRESS                       0x1000017e   Data           2  main.o(.data)
    ICA_MODBUS_TCP_IP1                       0x10000180   Data           2  main.o(.data)
    ICA_MODBUS_TCP_IP2                       0x10000182   Data           2  main.o(.data)
    ICA_MODBUS_TCP_IP3                       0x10000184   Data           2  main.o(.data)
    ICA_MODBUS_TCP_IP4                       0x10000186   Data           2  main.o(.data)
    ICA_MODBUS_TCP_UNIT_ID                   0x10000188   Data           2  main.o(.data)
    PWM_START                                0x1000018a   Data           2  main.o(.data)
    KB_ALGORITM                              0x1000018c   Data           2  main.o(.data)
    REG_SPEED                                0x1000018e   Data           2  main.o(.data)
    APV_ON2_TIME                             0x10000190   Data           2  main.o(.data)
    BAT_IS_ON                                0x10000192   Data           2  main.o(.data)
    AUSW_MAIN                                0x10000194   Data           2  main.o(.data)
    MNEMO_TIME                               0x10000196   Data           2  main.o(.data)
    POWER_CNT_ADRESS                         0x10000198   Data           2  main.o(.data)
    ETH_IS_ON                                0x1000019a   Data           2  main.o(.data)
    ETH_DHCP_ON                              0x1000019c   Data           2  main.o(.data)
    ETH_IP_1                                 0x1000019e   Data           2  main.o(.data)
    ETH_IP_2                                 0x100001a0   Data           2  main.o(.data)
    ETH_IP_3                                 0x100001a2   Data           2  main.o(.data)
    ETH_IP_4                                 0x100001a4   Data           2  main.o(.data)
    ETH_MASK_1                               0x100001a6   Data           2  main.o(.data)
    ETH_MASK_2                               0x100001a8   Data           2  main.o(.data)
    ETH_MASK_3                               0x100001aa   Data           2  main.o(.data)
    ETH_MASK_4                               0x100001ac   Data           2  main.o(.data)
    ETH_TRAP1_IP_1                           0x100001ae   Data           2  main.o(.data)
    ETH_TRAP1_IP_2                           0x100001b0   Data           2  main.o(.data)
    ETH_TRAP1_IP_3                           0x100001b2   Data           2  main.o(.data)
    ETH_TRAP1_IP_4                           0x100001b4   Data           2  main.o(.data)
    ETH_TRAP2_IP_1                           0x100001b6   Data           2  main.o(.data)
    ETH_TRAP2_IP_2                           0x100001b8   Data           2  main.o(.data)
    ETH_TRAP2_IP_3                           0x100001ba   Data           2  main.o(.data)
    ETH_TRAP2_IP_4                           0x100001bc   Data           2  main.o(.data)
    ETH_TRAP3_IP_1                           0x100001be   Data           2  main.o(.data)
    ETH_TRAP3_IP_2                           0x100001c0   Data           2  main.o(.data)
    ETH_TRAP3_IP_3                           0x100001c2   Data           2  main.o(.data)
    ETH_TRAP3_IP_4                           0x100001c4   Data           2  main.o(.data)
    ETH_TRAP4_IP_1                           0x100001c6   Data           2  main.o(.data)
    ETH_TRAP4_IP_2                           0x100001c8   Data           2  main.o(.data)
    ETH_TRAP4_IP_3                           0x100001ca   Data           2  main.o(.data)
    ETH_TRAP4_IP_4                           0x100001cc   Data           2  main.o(.data)
    ETH_TRAP5_IP_1                           0x100001ce   Data           2  main.o(.data)
    ETH_TRAP5_IP_2                           0x100001d0   Data           2  main.o(.data)
    ETH_TRAP5_IP_3                           0x100001d2   Data           2  main.o(.data)
    ETH_TRAP5_IP_4                           0x100001d4   Data           2  main.o(.data)
    ETH_SNMP_PORT_READ                       0x100001d6   Data           2  main.o(.data)
    ETH_SNMP_PORT_WRITE                      0x100001d8   Data           2  main.o(.data)
    ETH_GW_1                                 0x100001da   Data           2  main.o(.data)
    ETH_GW_2                                 0x100001dc   Data           2  main.o(.data)
    ETH_GW_3                                 0x100001de   Data           2  main.o(.data)
    ETH_GW_4                                 0x100001e0   Data           2  main.o(.data)
    MODBUS_ADRESS                            0x100001e2   Data           2  main.o(.data)
    MODBUS_BAUDRATE                          0x100001e4   Data           2  main.o(.data)
    I_LOAD_MODE                              0x100001e6   Data           2  main.o(.data)
    Ib_ips_termokompensat                    0x100001e8   Data           2  main.o(.data)
    load_U                                   0x100001ea   Data           2  main.o(.data)
    load_I                                   0x100001ec   Data           2  main.o(.data)
    bps_U                                    0x100001ee   Data           2  main.o(.data)
    out_U                                    0x100001f0   Data           2  main.o(.data)
    in_U                                     0x100001f2   Data           2  main.o(.data)
    out_I                                    0x100001f4   Data           2  main.o(.data)
    vd_U                                     0x100001f6   Data           2  main.o(.data)
    sys_T                                    0x100001f8   Data           2  main.o(.data)
    av_j_si_max                              0x100001fa   Data           2  main.o(.data)
    net_U                                    0x100001fc   Data           2  main.o(.data)
    net_Ua                                   0x100001fe   Data           2  main.o(.data)
    net_Ub                                   0x10000200   Data           2  main.o(.data)
    net_Uc                                   0x10000202   Data           2  main.o(.data)
    net_F                                    0x10000204   Data           2  main.o(.data)
    hz_out                                   0x10000206   Data           2  main.o(.data)
    hz_out_cnt                               0x10000208   Data           2  main.o(.data)
    net_F3                                   0x1000020a   Data           2  main.o(.data)
    t_box                                    0x1000020c   Data           2  main.o(.data)
    u_necc                                   0x1000020e   Data           2  main.o(.data)
    av_beep                                  0x10000210   Data           2  main.o(.data)
    av_rele                                  0x10000212   Data           2  main.o(.data)
    Uvv0                                     0x10000214   Data           2  main.o(.data)
    pos_vent                                 0x10000216   Data           2  main.o(.data)
    power_current                            0x10000218   Data           2  main.o(.data)
    main_vent_pos                            0x1000021a   Data           2  main.o(.data)
    bIBAT_SMKLBR                             0x1000021c   Data           2  main.o(.data)
    ipsBlckSrc                               0x1000021e   Data           2  main.o(.data)
    ipsBlckLog                               0x10000220   Data           2  main.o(.data)
    outVoltContrHndlCnt                      0x10000222   Data           2  main.o(.data)
    ica_my_current                           0x10000224   Data           2  main.o(.data)
    ica_your_current                         0x10000226   Data           2  main.o(.data)
    ica_u_necc                               0x10000228   Data           2  main.o(.data)
    parol                                    0x1000022a   Data           3  main.o(.data)
    ND_EXT                                   0x1000022d   Data           3  main.o(.data)
    sk_stat                                  0x10000230   Data           4  main.o(.data)
    sk_av_stat                               0x10000234   Data           4  main.o(.data)
    tick                                     0x10000238   Data           4  main.o(.data)
    BAT_DAY_OF_ON                            0x1000023c   Data           4  main.o(.data)
    BAT_MONTH_OF_ON                          0x10000240   Data           4  main.o(.data)
    BAT_YEAR_OF_ON                           0x10000244   Data           4  main.o(.data)
    BAT_C_NOM                                0x10000248   Data           4  main.o(.data)
    BAT_RESURS                               0x1000024c   Data           4  main.o(.data)
    AUSW_MAIN_NUMBER                         0x10000250   Data           4  main.o(.data)
    sk_cnt                                   0x10000254   Data           4  main.o(.data)
    bSILENT                                  0x10000258   Data           4  main.o(.data)
    but_n                                    0x1000025c   Data           4  main.o(.data)
    but_s                                    0x10000260   Data           4  main.o(.data)
    power_summary                            0x10000264   Data           4  main.o(.data)
    a_ind                                    0x10000268   Data           5  main.o(.data)
    c_ind                                    0x1000026d   Data           5  main.o(.data)
    TMAX_EXT_EN                              0x10000272   Data           6  main.o(.data)
    TMAX_EXT                                 0x10000278   Data           6  main.o(.data)
    TMIN_EXT_EN                              0x1000027e   Data           6  main.o(.data)
    TMIN_EXT                                 0x10000284   Data           6  main.o(.data)
    T_EXT_REL_EN                             0x1000028a   Data           6  main.o(.data)
    T_EXT_ZVUK_EN                            0x10000290   Data           6  main.o(.data)
    T_EXT_LCD_EN                             0x10000296   Data           6  main.o(.data)
    T_EXT_RS_EN                              0x1000029c   Data           6  main.o(.data)
    t_ext                                    0x100002a2   Data           6  main.o(.data)
    Uvv                                      0x100002a8   Data           6  main.o(.data)
    Uvv_eb2                                  0x100002ae   Data           6  main.o(.data)
    Upes_eb2                                 0x100002b4   Data           6  main.o(.data)
    RELE_SET_MASK                            0x100002ba   Data           8  main.o(.data)
    SK_SIGN                                  0x100002c2   Data           8  main.o(.data)
    SK_REL_EN                                0x100002ca   Data           8  main.o(.data)
    SK_ZVUK_EN                               0x100002d2   Data           8  main.o(.data)
    SK_LCD_EN                                0x100002da   Data           8  main.o(.data)
    SK_RS_EN                                 0x100002e2   Data           8  main.o(.data)
    lcd_buffer                               0x100002ea   Data         300  main.o(.data)
    bRESET_EXT                               0x10000416   Data           1  main.o(.data)
    Kubat                                    0x10000418   Data           4  main.o(.data)
    Kibat0                                   0x1000041c   Data           4  main.o(.data)
    Ktbat                                    0x10000420   Data           4  main.o(.data)
    Kunet                                    0x10000424   Data           2  main.o(.data)
    Ktext                                    0x10000426   Data           6  main.o(.data)
    KunetA                                   0x1000042c   Data           2  main.o(.data)
    KunetC                                   0x1000042e   Data           2  main.o(.data)
    Kuout                                    0x10000430   Data           2  main.o(.data)
    MAIN_IST                                 0x10000432   Data           2  main.o(.data)
    VZ_HR                                    0x10000434   Data           2  main.o(.data)
    TVENTON                                  0x10000436   Data           2  main.o(.data)
    TWARMON                                  0x10000438   Data           2  main.o(.data)
    RELEVENTSIGN                             0x1000043a   Data           1  main.o(.data)
    TBOXVENTON                               0x1000043c   Data           2  main.o(.data)
    DU_LI_BAT                                0x1000043e   Data           2  main.o(.data)
    NUMBYPASS                                0x10000440   Data           2  main.o(.data)
    USODERG_LI_BAT                           0x10000442   Data           2  main.o(.data)
    AUSW_UKU_NUMBER                          0x10000444   Data           4  main.o(.data)
    HOUR_AVZ                                 0x10000448   Data           2  main.o(.data)
    SEC_AVZ                                  0x1000044a   Data           2  main.o(.data)
    MONTH_AVZ                                0x1000044c   Data           2  main.o(.data)
    AVZ_TIME                                 0x1000044e   Data           2  main.o(.data)
    BAT_LINK                                 0x10000450   Data           2  main.o(.data)
    numOfPacks_                              0x10000452   Data           2  main.o(.data)
    dig                                      0x10000454   Data           5  main.o(.data)
    zero_on                                  0x10000459   Data           1  main.o(.data)
    sk_av_stat_old                           0x1000045a   Data           4  main.o(.data)
    u_necc_up                                0x1000045e   Data           2  main.o(.data)
    num_necc                                 0x10000460   Data           2  main.o(.data)
    Isumm_                                   0x10000462   Data           2  main.o(.data)
    sign_I                                   0x10000464   Data           2  main.o(.data)
    ext_can_cnt                              0x10000466   Data           1  main.o(.data)
    t_ext_can                                0x10000468   Data           2  main.o(.data)
    Kvv_eb2                                  0x1000046a   Data           6  main.o(.data)
    power_summary_tempo                      0x10000470   Data           4  main.o(.data)
    power_current_tempo_old                  0x10000474   Data           2  main.o(.data)
    powerCurrentCnt                          0x10000476   Data           1  main.o(.data)
    ibat_metr_buff_                          0x10000478   Data           8  main.o(.data)
    bat_drv_rx_cnt                           0x10000480   Data           2  main.o(.data)
    plazma_bat_drv1                          0x10000482   Data           2  main.o(.data)
    speedChrgVolt                            0x10000484   Data           2  main.o(.data)
    speedChrgAvtEn                           0x10000486   Data           2  main.o(.data)
    speedChIsOn                              0x10000488   Data           2  main.o(.data)
    speedChrgBlckLog                         0x1000048a   Data           2  main.o(.data)
    vd_is_work_cnt                           0x1000048c   Data           1  main.o(.data)
    plazma_ztt                               0x1000048d   Data           2  main.o(.data)
    tcp_connect_stat                         0x1000048f   Data           1  main.o(.data)
    uAvarHndlOutUMaxCnt                      0x10000490   Data           2  main.o(.data)
    uAvarHndlInUMaxCnt                       0x10000492   Data           2  main.o(.data)
    sysTAvarHndlCnt                          0x10000494   Data           2  main.o(.data)
    rele_av_flags                            0x10000496   Data           2  main.o(.data)
    snmp_warm_sign                           0x10000498   Data           1  snmp_data_file.o(.data)
    snmp_cool_sign                           0x10000499   Data           1  snmp_data_file.o(.data)
    snmp_warm_on_temper                      0x1000049a   Data           1  snmp_data_file.o(.data)
    snmp_warm_off_temper                     0x1000049b   Data           1  snmp_data_file.o(.data)
    snmp_warm_q                              0x1000049c   Data           1  snmp_data_file.o(.data)
    snmp_cool_100_temper                     0x1000049d   Data           1  snmp_data_file.o(.data)
    snmp_cool_80_temper                      0x1000049e   Data           1  snmp_data_file.o(.data)
    snmp_cool_60_temper                      0x1000049f   Data           1  snmp_data_file.o(.data)
    snmp_cool_40_temper                      0x100004a0   Data           1  snmp_data_file.o(.data)
    snmp_cool_20_temper                      0x100004a1   Data           1  snmp_data_file.o(.data)
    snmp_cool_20_dtemper                     0x100004a2   Data           1  snmp_data_file.o(.data)
    snmp_trap_send_i                         0x100004a3   Data           1  snmp_data_file.o(.data)
    snmp_trap_send_ii                        0x100004a4   Data           1  snmp_data_file.o(.data)
    snmp_numofbat                            0x100004a6   Data           2  snmp_data_file.o(.data)
    snmp_numofbps                            0x100004a8   Data           2  snmp_data_file.o(.data)
    snmp_numofinv                            0x100004aa   Data           2  snmp_data_file.o(.data)
    snmp_numofavt                            0x100004ac   Data           2  snmp_data_file.o(.data)
    snmp_numofdt                             0x100004ae   Data           2  snmp_data_file.o(.data)
    snmp_numofsk                             0x100004b0   Data           2  snmp_data_file.o(.data)
    snmp_numofevents                         0x100004b2   Data           2  snmp_data_file.o(.data)
    snmp_mains_power_voltage                 0x100004b4   Data           2  snmp_data_file.o(.data)
    snmp_mains_power_frequency               0x100004b6   Data           2  snmp_data_file.o(.data)
    snmp_mains_power_voltage_phaseA          0x100004b8   Data           2  snmp_data_file.o(.data)
    snmp_mains_power_voltage_phaseB          0x100004ba   Data           2  snmp_data_file.o(.data)
    snmp_mains_power_voltage_phaseC          0x100004bc   Data           2  snmp_data_file.o(.data)
    snmp_load_voltage                        0x100004be   Data           2  snmp_data_file.o(.data)
    snmp_load_current                        0x100004c0   Data           2  snmp_data_file.o(.data)
    snmp_spc_trap_value_0                    0x100004c2   Data           2  snmp_data_file.o(.data)
    snmp_spc_trap_value_1                    0x100004c4   Data           2  snmp_data_file.o(.data)
    snmp_spc_trap_value_2                    0x100004c6   Data           2  snmp_data_file.o(.data)
    snmp_energy_vvod_phase_a                 0x100004c8   Data           2  snmp_data_file.o(.data)
    snmp_energy_vvod_phase_b                 0x100004ca   Data           2  snmp_data_file.o(.data)
    snmp_energy_vvod_phase_c                 0x100004cc   Data           2  snmp_data_file.o(.data)
    snmp_energy_pes_phase_a                  0x100004ce   Data           2  snmp_data_file.o(.data)
    snmp_energy_pes_phase_b                  0x100004d0   Data           2  snmp_data_file.o(.data)
    snmp_energy_pes_phase_c                  0x100004d2   Data           2  snmp_data_file.o(.data)
    snmp_energy_input_voltage                0x100004d4   Data           2  snmp_data_file.o(.data)
    snmp_energy_current_energy               0x100004d6   Data           2  snmp_data_file.o(.data)
    snmp_command                             0x100004d8   Data           2  snmp_data_file.o(.data)
    snmp_command_parametr                    0x100004da   Data           2  snmp_data_file.o(.data)
    snmp_zv_en                               0x100004dc   Data           2  snmp_data_file.o(.data)
    snmp_alarm_auto_disable                  0x100004de   Data           2  snmp_data_file.o(.data)
    snmp_bat_test_time                       0x100004e0   Data           2  snmp_data_file.o(.data)
    snmp_u_max                               0x100004e2   Data           2  snmp_data_file.o(.data)
    snmp_u_sign                              0x100004e4   Data           2  snmp_data_file.o(.data)
    snmp_u_min_power                         0x100004e6   Data           2  snmp_data_file.o(.data)
    snmp_u_withouth_bat                      0x100004e8   Data           2  snmp_data_file.o(.data)
    snmp_control_current                     0x100004ea   Data           2  snmp_data_file.o(.data)
    snmp_max_charge_current                  0x100004ec   Data           2  snmp_data_file.o(.data)
    snmp_max_current                         0x100004ee   Data           2  snmp_data_file.o(.data)
    snmp_min_current                         0x100004f0   Data           2  snmp_data_file.o(.data)
    snmp_powerup_psu_timeout                 0x100004f2   Data           2  snmp_data_file.o(.data)
    snmp_max_temperature                     0x100004f4   Data           2  snmp_data_file.o(.data)
    snmp_tsign_bat                           0x100004f6   Data           2  snmp_data_file.o(.data)
    snmp_tmax_bat                            0x100004f8   Data           2  snmp_data_file.o(.data)
    snmp_tsign_bps                           0x100004fa   Data           2  snmp_data_file.o(.data)
    snmp_tmax_bps                            0x100004fc   Data           2  snmp_data_file.o(.data)
    snmp_bat_part_alarm                      0x100004fe   Data           2  snmp_data_file.o(.data)
    snmp_power_cnt_adress                    0x10000500   Data           2  snmp_data_file.o(.data)
    snmp_klimat_box_temper                   0x10000502   Data           2  snmp_data_file.o(.data)
    snmp_klimat_settings_box_alarm           0x10000504   Data           2  snmp_data_file.o(.data)
    snmp_klimat_settings_vent_on             0x10000506   Data           2  snmp_data_file.o(.data)
    snmp_klimat_settings_vent_off            0x10000508   Data           2  snmp_data_file.o(.data)
    snmp_klimat_settings_warm_on             0x1000050a   Data           2  snmp_data_file.o(.data)
    snmp_klimat_settings_warm_off            0x1000050c   Data           2  snmp_data_file.o(.data)
    snmp_klimat_settings_load_on             0x1000050e   Data           2  snmp_data_file.o(.data)
    snmp_klimat_settings_load_off            0x10000510   Data           2  snmp_data_file.o(.data)
    snmp_klimat_settings_batt_on             0x10000512   Data           2  snmp_data_file.o(.data)
    snmp_klimat_settings_batt_off            0x10000514   Data           2  snmp_data_file.o(.data)
    snmp_dt_ext                              0x10000516   Data           2  snmp_data_file.o(.data)
    snmp_dt_msan                             0x10000518   Data           2  snmp_data_file.o(.data)
    snmp_dt_epu                              0x1000051a   Data           2  snmp_data_file.o(.data)
    snmp_dt_number                           0x1000051c   Data           3  snmp_data_file.o(.data)
    snmp_dt_error                            0x1000051f   Data           3  snmp_data_file.o(.data)
    snmp_lakb_cell_temperature_1             0x10000522   Data           3  snmp_data_file.o(.data)
    snmp_lakb_cell_temperature_2             0x10000525   Data           3  snmp_data_file.o(.data)
    snmp_lakb_cell_temperature_3             0x10000528   Data           3  snmp_data_file.o(.data)
    snmp_lakb_cell_temperature_4             0x1000052b   Data           3  snmp_data_file.o(.data)
    snmp_lakb_cell_temperature_ambient       0x1000052e   Data           3  snmp_data_file.o(.data)
    snmp_lakb_cell_temperature_power         0x10000531   Data           3  snmp_data_file.o(.data)
    snmp_sernum                              0x10000534   Data           4  snmp_data_file.o(.data)
    snmp_bat_number                          0x10000538   Data           4  snmp_data_file.o(.data)
    snmp_bat_voltage                         0x1000053c   Data           4  snmp_data_file.o(.data)
    snmp_bat_current                         0x10000540   Data           4  snmp_data_file.o(.data)
    snmp_bat_temperature                     0x10000544   Data           4  snmp_data_file.o(.data)
    snmp_bat_capacity                        0x10000548   Data           4  snmp_data_file.o(.data)
    snmp_bat_charge                          0x1000054c   Data           4  snmp_data_file.o(.data)
    snmp_bat_status                          0x10000550   Data           4  snmp_data_file.o(.data)
    snmp_bat_part_voltage                    0x10000554   Data           4  snmp_data_file.o(.data)
    snmp_energy_total_energy                 0x10000558   Data           4  snmp_data_file.o(.data)
    snmp_sk_number                           0x1000055c   Data           4  snmp_data_file.o(.data)
    snmp_sk_aktiv                            0x10000560   Data           4  snmp_data_file.o(.data)
    snmp_sk_alarm_aktiv                      0x10000564   Data           4  snmp_data_file.o(.data)
    snmp_sk_alarm                            0x10000568   Data           4  snmp_data_file.o(.data)
    temp_ip                                  0x1000056c   Data           4  snmp_data_file.o(.data)
    snmp_inv_number                          0x10000570   Data           6  snmp_data_file.o(.data)
    snmp_inv_voltage                         0x10000576   Data           6  snmp_data_file.o(.data)
    snmp_inv_current                         0x1000057c   Data           6  snmp_data_file.o(.data)
    snmp_inv_temperature                     0x10000582   Data           6  snmp_data_file.o(.data)
    snmp_inv_stat                            0x10000588   Data           6  snmp_data_file.o(.data)
    snmp_dt_temper                           0x1000058e   Data           6  snmp_data_file.o(.data)
    snmp_makb_connect_status                 0x10000594   Data           8  snmp_data_file.o(.data)
    snmp_makb_voltage0                       0x1000059c   Data           8  snmp_data_file.o(.data)
    snmp_makb_voltage1                       0x100005a4   Data           8  snmp_data_file.o(.data)
    snmp_makb_voltage2                       0x100005ac   Data           8  snmp_data_file.o(.data)
    snmp_makb_voltage3                       0x100005b4   Data           8  snmp_data_file.o(.data)
    snmp_makb_voltage4                       0x100005bc   Data           8  snmp_data_file.o(.data)
    snmp_makb_temper0                        0x100005c4   Data           8  snmp_data_file.o(.data)
    snmp_makb_temper1                        0x100005cc   Data           8  snmp_data_file.o(.data)
    snmp_makb_temper2                        0x100005d4   Data           8  snmp_data_file.o(.data)
    snmp_makb_temper3                        0x100005dc   Data           8  snmp_data_file.o(.data)
    snmp_makb_temper4                        0x100005e4   Data           8  snmp_data_file.o(.data)
    snmp_makb_temper0_stat                   0x100005ec   Data           8  snmp_data_file.o(.data)
    snmp_makb_temper1_stat                   0x100005f4   Data           8  snmp_data_file.o(.data)
    snmp_makb_temper2_stat                   0x100005fc   Data           8  snmp_data_file.o(.data)
    snmp_makb_temper3_stat                   0x10000604   Data           8  snmp_data_file.o(.data)
    snmp_makb_temper4_stat                   0x1000060c   Data           8  snmp_data_file.o(.data)
    snmp_log                                 0x10000614   Data        8192  snmp_data_file.o(.data)
    snmp_device_code                         0x10002614   Data           2  snmp_data_file.o(.data)
    snmp_mains_power_alarm                   0x10002616   Data           2  snmp_data_file.o(.data)
    snmp_u_0_grad                            0x10002618   Data           2  snmp_data_file.o(.data)
    snmp_uvz                                 0x1000261a   Data           2  snmp_data_file.o(.data)
    snmp_cool_80_dtemper                     0x1000261c   Data           1  snmp_data_file.o(.data)
    snmp_cool_40_dtemper                     0x1000261d   Data           1  snmp_data_file.o(.data)
    snmp_mib                                 0x10002620   Data       13008  snmp_mib.o(.data)
    SystemFrequency                          0x100058f0   Data           4  system_lpc17xx.o(.data)
    timer0_counter                           0x100058f4   Data           4  timer.o(.data)
    timer1_counter                           0x100058f8   Data           4  timer.o(.data)
    beep_stat_cnt                            0x100058fd   Data           1  beep.o(.data)
    beep_cnt                                 0x100058fe   Data           1  beep.o(.data)
    bU_BAT2REL_AV_BAT                        0x100058ff   Data           1  beep.o(.data)
    beep_stat_temp                           0x10005900   Data           4  beep.o(.data)
    beep_stat                                0x10005904   Data           4  beep.o(.data)
    b7705ch                                  0x10005908   Data           1  ad7705.o(.data)
    ad7705_wrk_cnt                           0x10005909   Data           1  ad7705.o(.data)
    ad7705_res1                              0x1000590a   Data           2  ad7705.o(.data)
    ad7705_res2                              0x1000590c   Data           2  ad7705.o(.data)
    ad7705_res                               0x1000590e   Data           2  ad7705.o(.data)
    ad7705_plazma                            0x10005910   Data           2  ad7705.o(.data)
    ad7705_buff_                             0x10005912   Data           4  ad7705.o(.data)
    UART0TxEmpty                             0x10005918   Data           1  uart0.o(.data)
    bRXIN0                                   0x10005919   Data           1  uart0.o(.data)
    rx_buffer_overflow0                      0x1000591a   Data           1  uart0.o(.data)
    plazma_uart0                             0x1000591b   Data           1  uart0.o(.data)
    rx_wr_index0                             0x1000591c   Data           2  uart0.o(.data)
    rx_rd_index0                             0x1000591e   Data           2  uart0.o(.data)
    rx_counter0                              0x10005920   Data           2  uart0.o(.data)
    tx_wr_index0                             0x10005922   Data           2  uart0.o(.data)
    tx_rd_index0                             0x10005924   Data           2  uart0.o(.data)
    tx_counter0                              0x10005926   Data           2  uart0.o(.data)
    UART0Status                              0x10005928   Data           4  uart0.o(.data)
    modbus_timeout_cnt                       0x1000592c   Data           1  modbus.o(.data)
    portForSacredSunBatteryIsInitiated       0x1000592e   Data           1  sacred_sun.o(.data)
    sacredSunBatteryHndlPhase                0x1000592f   Data           1  sacred_sun.o(.data)
    sacredSunRequestPhase                    0x10005930   Data           1  sacred_sun.o(.data)
    sacredSunSilentCnt                       0x10005932   Data           2  sacred_sun.o(.data)
    modbus_tcp_func                          0x10005934   Data           1  modbus_tcp.o(.data)
    modbus_tcp_unit                          0x10005935   Data           1  modbus_tcp.o(.data)
    modbus_tcp_rx_arg0                       0x10005936   Data           2  modbus_tcp.o(.data)
    modbus_tcp_rx_arg1                       0x10005938   Data           2  modbus_tcp.o(.data)
    modbus_tcp_out_ptr                       0x1000593c   Data           4  modbus_tcp.o(.data)
    snmp_SysUpTime                           0x10005940   Data           4  at_snmp.o(.data)
    tcp_socket                               0x10005954   Data         176  net_config_http.o(.bss)
    adc_buff                                 0x10005a04   Data        1024  control.o(.bss)
    adc_buff_                                0x10005e04   Data          32  control.o(.bss)
    main_power_buffer                        0x10005e24   Data          32  control.o(.bss)
    cntrl_stat_buff                          0x10005e44   Data          64  control.o(.bss)
    mess                                     0x10005e84   Data          10  mess.o(.bss)
    mess_old                                 0x10005e8e   Data          10  mess.o(.bss)
    mess_cnt                                 0x10005e98   Data          10  mess.o(.bss)
    mess_par0                                0x10005ea4   Data          40  mess.o(.bss)
    mess_par1                                0x10005ecc   Data          40  mess.o(.bss)
    lakb_damp                                0x10005ef4   Data          42  main.o(.bss)
    eb2_data                                 0x10005f1e   Data          30  main.o(.bss)
    snmp_location                            0x10005f50   Data         100  snmp_data_file.o(.bss)
    snmp_bps_number                          0x10005fb4   Data          16  snmp_data_file.o(.bss)
    snmp_bps_voltage                         0x10005fc4   Data          16  snmp_data_file.o(.bss)
    snmp_bps_current                         0x10005fd4   Data          16  snmp_data_file.o(.bss)
    snmp_bps_temperature                     0x10005fe4   Data          16  snmp_data_file.o(.bss)
    snmp_bps_stat                            0x10005ff4   Data          16  snmp_data_file.o(.bss)
    snmp_spc_trap_message                    0x10006004   Data         100  snmp_data_file.o(.bss)
    snmp_avt_number                          0x10006068   Data          12  snmp_data_file.o(.bss)
    snmp_avt_stat                            0x10006074   Data          12  snmp_data_file.o(.bss)
    snmp_sk_name                             0x10006080   Data          80  snmp_data_file.o(.bss)
    snmp_lakb_number                         0x100060d0   Data          14  snmp_data_file.o(.bss)
    snmp_lakb_voltage                        0x100060de   Data          14  snmp_data_file.o(.bss)
    snmp_lakb_max_cell_voltage               0x100060ec   Data          14  snmp_data_file.o(.bss)
    snmp_lakb_min_cell_voltage               0x100060fa   Data          14  snmp_data_file.o(.bss)
    snmp_lakb_max_cell_temperature           0x10006108   Data          14  snmp_data_file.o(.bss)
    snmp_lakb_min_cell_temperature           0x10006116   Data          14  snmp_data_file.o(.bss)
    snmp_lakb_ch_curr                        0x10006124   Data          14  snmp_data_file.o(.bss)
    snmp_lakb_dsch_curr                      0x10006132   Data          14  snmp_data_file.o(.bss)
    snmp_lakb_rat_cap                        0x10006140   Data          14  snmp_data_file.o(.bss)
    snmp_lakb_soh                            0x1000614e   Data          14  snmp_data_file.o(.bss)
    snmp_lakb_soc                            0x1000615c   Data          14  snmp_data_file.o(.bss)
    snmp_lakb_cclv                           0x1000616a   Data          14  snmp_data_file.o(.bss)
    snmp_lakb_rbt                            0x10006178   Data          14  snmp_data_file.o(.bss)
    snmp_lakb_flags1                         0x10006186   Data          14  snmp_data_file.o(.bss)
    snmp_lakb_flags2                         0x10006194   Data          14  snmp_data_file.o(.bss)
    obj                                      0x100061a2   Data          20  snmp_data_file.o(.bss)
    snmp_lakb_damp1                          0x100061b6   Data         450  snmp_data_file.o(.bss)
    UIB0                                     0x10006378   Data         100  uart0.o(.bss)
    rx_buffer0                               0x100063dc   Data        1024  uart0.o(.bss)
    tx_buffer0                               0x100067dc   Data        1024  uart0.o(.bss)
    modbus_rx_buffer                         0x10006bdc   Data          30  modbus.o(.bss)
    modbus_an_buffer                         0x10006bfa   Data          30  modbus.o(.bss)
    modbus_tx_buff                           0x10006c18   Data         100  modbus.o(.bss)
    mcp2515_out_buff                         0x10006c7c   Data          64  mcp2515.o(.bss)
    localm                                   0x10006cd8   Data          60  at_system.o(.bss)
    __initial_sp                             0x10007518   Data           0  startup_lpc17xx.o(STACK)
    snmp_PortNum                             0x2007c000   Data           2  net_config_http.o(.data)
    vz_cnt_s                                 0x2007c002   Data           2  control.o(.data)
    vz_cnt_h                                 0x2007c004   Data           2  control.o(.data)
    __ee_vz_cnt                              0x2007c006   Data           2  control.o(.data)
    plazma_cntrl_stat                        0x2007c008   Data           1  control.o(.data)
    avar_stat                                0x2007c00c   Data           4  avar_hndl.o(.data)
    avar_ind_stat                            0x2007c010   Data           4  avar_hndl.o(.data)
    avar_stat_old                            0x2007c014   Data           4  avar_hndl.o(.data)
    avar_stat_new                            0x2007c018   Data           4  avar_hndl.o(.data)
    avar_stat_offed                          0x2007c01c   Data           4  avar_hndl.o(.data)
    av_inv                                   0x2007c020   Data           6  avar_hndl.o(.data)
    npn_stat                                 0x2007c026   Data           1  main.o(.data)
    Kubatm                                   0x2007c028   Data           4  main.o(.data)
    Kibat1                                   0x2007c02c   Data           4  main.o(.data)
    Kunet_ext                                0x2007c030   Data           6  main.o(.data)
    Kuload                                   0x2007c036   Data           2  main.o(.data)
    KunetB                                   0x2007c038   Data           2  main.o(.data)
    Kubps                                    0x2007c03a   Data           2  main.o(.data)
    Kuvd                                     0x2007c03c   Data           2  main.o(.data)
    APV_ON                                   0x2007c03e   Data           2  main.o(.data)
    RELE_LOG                                 0x2007c040   Data           2  main.o(.data)
    TVENTOFF                                 0x2007c042   Data           2  main.o(.data)
    TWARMOFF                                 0x2007c044   Data           2  main.o(.data)
    TBOXVENTOFF                              0x2007c046   Data           2  main.o(.data)
    NUMEXT                                   0x2007c048   Data           2  main.o(.data)
    CNTRL_HNDL_TIME                          0x2007c04a   Data           2  main.o(.data)
    QSODERG_LI_BAT                           0x2007c04c   Data           2  main.o(.data)
    BAT_C_REAL                               0x2007c04e   Data           4  main.o(.data)
    AVZ                                      0x2007c052   Data           1  main.o(.data)
    MIN_AVZ                                  0x2007c054   Data           2  main.o(.data)
    DATE_AVZ                                 0x2007c056   Data           2  main.o(.data)
    YEAR_AVZ                                 0x2007c058   Data           2  main.o(.data)
    RELE_VENT_LOGIC                          0x2007c05a   Data           2  main.o(.data)
    bat_u_old_cnt                            0x2007c05c   Data           2  main.o(.data)
    bps_I                                    0x2007c05e   Data           2  main.o(.data)
    sk_av_cnt                                0x2007c060   Data           4  main.o(.data)
    u_necc_dn                                0x2007c064   Data           2  main.o(.data)
    mat_temper                               0x2007c068   Data           4  main.o(.data)
    Isumm                                    0x2007c06c   Data           2  main.o(.data)
    sign_U                                   0x2007c06e   Data           2  main.o(.data)
    superviser_cnt                           0x2007c070   Data           1  main.o(.data)
    vvod_pos                                 0x2007c072   Data           2  main.o(.data)
    adc_buff_ext_                            0x2007c074   Data           6  main.o(.data)
    Kpes_eb2                                 0x2007c07a   Data           6  main.o(.data)
    power_summary_tempo_old                  0x2007c080   Data           4  main.o(.data)
    power_current_tempo                      0x2007c084   Data           2  main.o(.data)
    powerSummaryCnt                          0x2007c086   Data           1  main.o(.data)
    npn_tz_cnt                               0x2007c088   Data           2  main.o(.data)
    plazma_can_inv                           0x2007c08a   Data           3  main.o(.data)
    plazma_bat_drv0                          0x2007c08e   Data           2  main.o(.data)
    speedChrgCurr                            0x2007c090   Data           2  main.o(.data)
    speedChrgTimeInHour                      0x2007c092   Data           2  main.o(.data)
    speedChrgDU                              0x2007c094   Data           2  main.o(.data)
    speedChrgBlckSrc                         0x2007c096   Data           2  main.o(.data)
    ipsBlckStat                              0x2007c098   Data           2  main.o(.data)
    bVDISWORK                                0x2007c09a   Data           1  main.o(.data)
    plazma1809                               0x2007c09b   Data           1  main.o(.data)
    overloadHndlCnt                          0x2007c09c   Data           2  main.o(.data)
    uAvarHndlOutUMinCnt                      0x2007c09e   Data           2  main.o(.data)
    uAvarHndlInUMinCnt                       0x2007c0a0   Data           2  main.o(.data)
    pvlk                                     0x2007c0a2   Data           2  main.o(.data)
    avar_vd_stat                             0x2007c0a4   Data           2  main.o(.data)
    snmp_mains_power_status                  0x2007c0a6   Data           2  snmp_data_file.o(.data)
    snmp_makb_number                         0x2007c0a8   Data           8  snmp_data_file.o(.data)
    snmp_u_min                               0x2007c0b0   Data           2  snmp_data_file.o(.data)
    snmp_u_20_grad                           0x2007c0b2   Data           2  snmp_data_file.o(.data)
    snmp_cool_100_dtemper                    0x2007c0b4   Data           1  snmp_data_file.o(.data)
    snmp_cool_60_dtemper                     0x2007c0b5   Data           1  snmp_data_file.o(.data)
    snmp_warm_stat                           0x2007c0b6   Data           1  snmp_data_file.o(.data)
    bOUT_FREE                                0x2007c0b8   Data           1  full_can.o(.data)
    bOUT_FREE2                               0x2007c0b9   Data           1  full_can.o(.data)
    can_reset_cnt                            0x2007c0ba   Data           1  full_can.o(.data)
    ptr_can1_tx_wr                           0x2007c0bb   Data           1  full_can.o(.data)
    ptr_can1_tx_rd                           0x2007c0bc   Data           1  full_can.o(.data)
    ptr_can2_tx_wr                           0x2007c0bd   Data           1  full_can.o(.data)
    ptr_can2_tx_rd                           0x2007c0be   Data           1  full_can.o(.data)
    bR                                       0x2007c0bf   Data           1  full_can.o(.data)
    bIN                                      0x2007c0c0   Data           1  full_can.o(.data)
    bIN2                                     0x2007c0c1   Data           1  full_can.o(.data)
    TX_len                                   0x2007c0c2   Data           1  full_can.o(.data)
    can_tx_cnt                               0x2007c0c3   Data           1  full_can.o(.data)
    cnt_can_pal                              0x2007c0c4   Data           1  full_can.o(.data)
    plazma_can_pal_index                     0x2007c0c5   Data           1  full_can.o(.data)
    plazma_can                               0x2007c0c6   Data           1  full_can.o(.data)
    plazma_can1                              0x2007c0c7   Data           1  full_can.o(.data)
    plazma_can2                              0x2007c0c8   Data           1  full_can.o(.data)
    plazma_can3                              0x2007c0c9   Data           1  full_can.o(.data)
    plazma_can4                              0x2007c0ca   Data           1  full_can.o(.data)
    gCANFilter                               0x2007c0cc   Data           2  full_can.o(.data)
    can2_tx_cnt                              0x2007c0ce   Data           2  full_can.o(.data)
    CANStatus                                0x2007c0d0   Data           4  full_can.o(.data)
    bMODBUS_TIMEOUT                          0x2007c0d4   Data           1  modbus.o(.data)
    modbus_rx_buffer_ptr                     0x2007c0d5   Data           1  modbus.o(.data)
    modbus_rx_counter                        0x2007c0d6   Data           1  modbus.o(.data)
    modbus_plazma                            0x2007c0d8   Data           2  modbus.o(.data)
    modbus_plazma1                           0x2007c0da   Data           2  modbus.o(.data)
    modbus_plazma2                           0x2007c0dc   Data           2  modbus.o(.data)
    modbus_plazma3                           0x2007c0de   Data           2  modbus.o(.data)
    mcp2515_can_st                           0x2007c0e0   Data           1  mcp2515.o(.data)
    mcp2515_can_st_old                       0x2007c0e1   Data           1  mcp2515.o(.data)
    bMCP2515_IN                              0x2007c0e2   Data           1  mcp2515.o(.data)
    mcp2515_buff_wr_ptr                      0x2007c0e3   Data           1  mcp2515.o(.data)
    mcp2515_buff_rd_ptr                      0x2007c0e4   Data           1  mcp2515.o(.data)
    sc16is700ByteAvailable                   0x2007c0e5   Data           1  sc16is7xx.o(.data)
    sc16is700TxFifoLevel                     0x2007c0e6   Data           1  sc16is7xx.o(.data)
    tx_wr_index_sc16is700                    0x2007c0e7   Data           1  sc16is7xx.o(.data)
    tx_rd_index_sc16is700                    0x2007c0e8   Data           1  sc16is7xx.o(.data)
    sc16is700TxFifoEmptyCnt                  0x2007c0e9   Data           1  sc16is7xx.o(.data)
    sc16is700TxPossibleFlag                  0x2007c0ea   Data           1  sc16is7xx.o(.data)
    sc16is700RecieveDisableFlag              0x2007c0eb   Data           1  sc16is7xx.o(.data)
    zTTRequestPhase                          0x2007c0ec   Data           1  ztt.o(.data)
    zTTSilentCnt                             0x2007c0ee   Data           6  ztt.o(.data)
    iap_entry                                0x2007c0f8   Data           4  emac_lpc17xx.o(.data)
    sys_tick                                 0x2007c108   Data           1  at_system.o(.data)
    sec_tick                                 0x2007c109   Data           1  at_system.o(.data)
    timer_cnt                                0x2007c10c   Data           2  at_system.o(.data)
    Mem_Pool                                 0x2007c110   Data       10384  net_config_http.o(.bss)
    arp_table                                0x2007e9a0   Data         140  net_config_http.o(.bss)
    udp_socket                               0x2007ea2c   Data          60  net_config_http.o(.bss)
    bat                                      0x2007ea68   Data         152  main.o(.bss)
    makb                                     0x2007eb00   Data         168  main.o(.bss)
    lakb                                     0x2007eba8   Data         228  main.o(.bss)
    li_bat                                   0x2007ec8c   Data          24  main.o(.bss)
    bps                                      0x2007eca4   Data        3016  main.o(.bss)
    inv                                      0x2007f86c   Data        1920  main.o(.bss)
    byps                                     0x2007ffec   Data          14  main.o(.bss)
    lcd_bitmap                               0x2007fffa   Data        1024  main.o(.bss)
    tst_state                                0x200803fa   Data          15  main.o(.bss)
    content                                  0x20080409   Data          63  main.o(.bss)
    ibt                                      0x20080448   Data          30  main.o(.bss)
    avt_stat                                 0x20080466   Data          12  main.o(.bss)
    ica_plazma                               0x20080472   Data          10  main.o(.bss)
    b_ind                                    0x2008047c   Data          50  main.o(.bss)
    eb2_data_short                           0x200804ae   Data          20  main.o(.bss)
    avt_stat_old                             0x200804c2   Data          12  main.o(.bss)
    bat_drv_rx_buff                          0x200804ce   Data         512  main.o(.bss)
    snmp_community                           0x200806ce   Data          10  snmp_data_file.o(.bss)
    ad7705_buff                              0x200806d8   Data          64  ad7705.o(.bss)
    can1_info                                0x20080718   Data          32  full_can.o(.bss)
    can1_id                                  0x20080738   Data          32  full_can.o(.bss)
    can1_data                                0x20080758   Data          32  full_can.o(.bss)
    can1_datb                                0x20080778   Data          32  full_can.o(.bss)
    can2_info                                0x20080798   Data          32  full_can.o(.bss)
    can2_id                                  0x200807b8   Data          32  full_can.o(.bss)
    can2_data                                0x200807d8   Data          32  full_can.o(.bss)
    can2_datb                                0x200807f8   Data          32  full_can.o(.bss)
    rotor_can                                0x20080818   Data          12  full_can.o(.bss)
    gFullCANList                             0x20080824   Data          24  full_can.o(.bss)
    RXBUFF                                   0x2008083c   Data          40  full_can.o(.bss)
    TXBUFF                                   0x20080864   Data          40  full_can.o(.bss)
    can_rotor                                0x2008088c   Data          10  full_can.o(.bss)
    can_debug_plazma                         0x20080896   Data          20  full_can.o(.bss)
    plazma_can_pal                           0x200808aa   Data          20  full_can.o(.bss)
    ccc_plazma                               0x200808be   Data          20  full_can.o(.bss)
    liBatteryInBuff                          0x200808d2   Data         300  sacred_sun.o(.bss)
    tx_buffer_sc16is700                      0x200809fe   Data          32  sc16is7xx.o(.bss)
    plazma_modbus_tcp                        0x20080a1e   Data          20  modbus_tcp.o(.bss)



==============================================================================

Memory Map of the image

  Image Entry point : 0x000000cd

  Load Region LR_IROM1 (Base: 0x00000000, Size: 0x0002a548, Max: 0x00080000, ABSOLUTE, COMPRESSED[0x00025b94])

    Execution Region ER_IROM1 (Base: 0x00000000, Size: 0x00024ae4, Max: 0x00080000, ABSOLUTE)

    Base Addr    Size         Type   Attr      Idx    E Section Name        Object

    0x00000000   0x000000cc   Data   RO            3    RESET               startup_lpc17xx.o
    0x000000cc   0x00000000   Code   RO         1706  * .ARM.Collect$$$$00000000  mc_w.l(entry.o)
    0x000000cc   0x00000004   Code   RO         1725    .ARM.Collect$$$$00000001  mc_w.l(entry2.o)
    0x000000d0   0x00000004   Code   RO         1728    .ARM.Collect$$$$00000004  mc_w.l(entry5.o)
    0x000000d4   0x00000008   Code   RO         1729    .ARM.Collect$$$$00000007  mc_w.l(entry7.o)
    0x000000dc   0x00000004   Code   RO         1726    .ARM.Collect$$$$00002712  mc_w.l(entry2.o)
    0x000000e0   0x0000001c   Code   RO            5    .text               startup_lpc17xx.o
    0x000000fc   0x00000044   Code   RO           13    .text               net_config_http.o
    0x00000140   0x00000104   Code   RO          302    .text               mess.o
    0x00000244   0x0000003c   Code   RO          318    .text               ret.o
    0x00000280   0x00000058   Code   RO          348    .text               gran.o
    0x000002d8   0x00000008   Code   RO         1709    .text               mc_w.l(isalnum_c.o)
    0x000002e0   0x00000008   Code   RO         1711    .text               mc_w.l(isdigit_c.o)
    0x000002e8   0x00000008   Code   RO         1713    .text               mc_w.l(islower_c.o)
    0x000002f0   0x00000008   Code   RO         1715    .text               mc_w.l(isupper_c.o)
    0x000002f8   0x00000002   Code   RO         1738    i.__scatterload_null  mc_w.l(handlers.o)
    0x000002fa   0x00000002   Code   RO         1587    i.poll_ethernet     TCP_CM3.lib(at_ethernet.o)
    0x000002fc   0x00000004   Code   RO            4    .ARM.__at_0x02FC    startup_lpc17xx.o
    0x00000300   0x0000170c   Code   RO           65    .text               common_func.o
    0x00001a0c   0x00002ecc   Code   RO          147    .text               control.o
    0x000048d8   0x000012a4   Code   RO          366    .text               avar_hndl.o
    0x00005b7c   0x00014b3c   Code   RO          442    .text               main.o
    0x0001a6b8   0x000010ac   Code   RO          793    .text               snmp_data_file.o
    0x0001b764   0x00000d80   Code   RO          961    .text               memo.o
    0x0001c4e4   0x000001b0   Code   RO          973    .text               system_lpc17xx.o
    0x0001c694   0x00000058   Code   RO          995    .text               timer.o
    0x0001c6ec   0x00000188   Code   RO         1063    .text               beep.o
    0x0001c874   0x00000254   Code   RO         1078    .text               ad7705.o
    0x0001cac8   0x000004c2   Code   RO         1102    .text               lcd_agm1232_uku207_3.o
    0x0001cf8a   0x00000002   PAD
    0x0001cf8c   0x00000518   Code   RO         1144    .text               25lc640.o
    0x0001d4a4   0x000022b0   Code   RO         1162    .text               full_can.o
    0x0001f754   0x00000710   Code   RO         1226    .text               uart0.o
    0x0001fe64   0x00000c6c   Code   RO         1300    .text               modbus.o
    0x00020ad0   0x000003e4   Code   RO         1348    .text               mcp2515.o
    0x00020eb4   0x0000003a   Code   RO         1369    .text               sacred_sun.o
    0x00020eee   0x00000002   PAD
    0x00020ef0   0x00000278   Code   RO         1394    .text               sc16is7xx.o
    0x00021168   0x00000456   Code   RO         1435    .text               modbus_tcp.o
    0x000215be   0x00000002   PAD
    0x000215c0   0x000004fc   Code   RO         1454    .text               emac_lpc17xx.o
    0x00021abc   0x00000010   Code   RO         1721    .text               mc_w.l(strlen.o)
    0x00021acc   0x00000028   Code   RO         1730    .text               mc_w.l(ctype_c.o)
    0x00021af4   0x00000024   Code   RO         1733    .text               mc_w.l(init.o)
    0x00021b18   0x0000005c   Code   RO         1743    .text               mc_w.l(__dczerorl2.o)
    0x00021b74   0x00000016   Code   RO         1602    i.CalcChksum        TCP_CM3.lib(at_lib.o)
    0x00021b8a   0x00000002   PAD
    0x00021b8c   0x00000028   Code   RO         1603    i.CalcChksumBuf     TCP_CM3.lib(at_lib.o)
    0x00021bb4   0x0000000a   Code   RO         1604    i.CalcChksumVal     TCP_CM3.lib(at_lib.o)
    0x00021bbe   0x0000000a   Code   RO         1605    i.SwapB             TCP_CM3.lib(at_lib.o)
    0x00021bc8   0x0000000e   Code   RO         1737    i.__scatterload_copy  mc_w.l(handlers.o)
    0x00021bd6   0x0000000e   Code   RO         1739    i.__scatterload_zeroinit  mc_w.l(handlers.o)
    0x00021be4   0x000000ec   Code   RO         1551    i.add_object        TCP_CM3.lib(at_snmp.o)
    0x00021cd0   0x000000a4   Code   RO         1650    i.alloc_mem         TCP_CM3.lib(at_mem.o)
    0x00021d74   0x000000c4   Code   RO         1669    i.arp_cache_add     TCP_CM3.lib(at_arp.o)
    0x00021e38   0x0000006c   Code   RO         1670    i.arp_cache_alloc   TCP_CM3.lib(at_arp.o)
    0x00021ea4   0x00000118   Code   RO         1671    i.arp_cache_find    TCP_CM3.lib(at_arp.o)
    0x00021fbc   0x000000f8   Code   RO         1673    i.arp_cache_update  TCP_CM3.lib(at_arp.o)
    0x000220b4   0x00000068   Code   RO         1675    i.arp_get_response  TCP_CM3.lib(at_arp.o)
    0x0002211c   0x0000009c   Code   RO         1676    i.arp_send_reply    TCP_CM3.lib(at_arp.o)
    0x000221b8   0x000000ac   Code   RO         1677    i.arp_send_req      TCP_CM3.lib(at_arp.o)
    0x00022264   0x00000046   Code   RO         1552    i.bind_tlv          TCP_CM3.lib(at_snmp.o)
    0x000222aa   0x0000003e   Code   RO         1553    i.bind_val          TCP_CM3.lib(at_snmp.o)
    0x000222e8   0x00000010   Code   RO         1583    i.eth_chk_adr       TCP_CM3.lib(at_ethernet.o)
    0x000222f8   0x00000098   Code   RO         1585    i.eth_send_frame    TCP_CM3.lib(at_ethernet.o)
    0x00022390   0x00000068   Code   RO         1651    i.free_mem          TCP_CM3.lib(at_mem.o)
    0x000223f8   0x00000016   Code   RO         1612    i.get_u32           TCP_CM3.lib(at_lib.o)
    0x0002240e   0x0000002c   Code   RO         1554    i.get_value         TCP_CM3.lib(at_snmp.o)
    0x0002243a   0x0000000c   Code   RO         1555    i.ilen              TCP_CM3.lib(at_snmp.o)
    0x00022446   0x00000002   PAD
    0x00022448   0x00000038   Code   RO         1660    i.init_TcpNet       TCP_CM3.lib(at_system.o)
    0x00022480   0x00000028   Code   RO         1678    i.init_arp          TCP_CM3.lib(at_arp.o)
    0x000224a8   0x00000024   Code   RO         1586    i.init_eth_link     TCP_CM3.lib(at_ethernet.o)
    0x000224cc   0x00000024   Code   RO         1652    i.init_mem          TCP_CM3.lib(at_mem.o)
    0x000224f0   0x0000005c   Code   RO         1556    i.init_snmp         TCP_CM3.lib(at_snmp.o)
    0x0002254c   0x00000018   Code   RO         1477    i.init_tcp          TCP_CM3.lib(at_tcp.o)
    0x00022564   0x0000001c   Code   RO         1532    i.init_udp          TCP_CM3.lib(at_udp.o)
    0x00022580   0x000000c4   Code   RO         1694    i.ip_chk_frame      TCP_CM3.lib(at_ip.o)
    0x00022644   0x0000000a   Code   RO         1695    i.ip_get_chksum     TCP_CM3.lib(at_ip.o)
    0x0002264e   0x00000002   PAD
    0x00022650   0x00000098   Code   RO         1696    i.ip_get_locadr     TCP_CM3.lib(at_ip.o)
    0x000226e8   0x00000090   Code   RO         1697    i.ip_send_frame     TCP_CM3.lib(at_ip.o)
    0x00022778   0x00000022   Code   RO         1613    i.is_subnet         TCP_CM3.lib(at_lib.o)
    0x0002279a   0x00000002   PAD
    0x0002279c   0x0000002c   Code   RO         1679    i.is_subnet_bcast   TCP_CM3.lib(at_arp.o)
    0x000227c8   0x0000003c   Code   RO         1661    i.main_TcpNet       TCP_CM3.lib(at_system.o)
    0x00022804   0x0000001e   Code   RO         1614    i.mem_comp          TCP_CM3.lib(at_lib.o)
    0x00022822   0x00000002   PAD
    0x00022824   0x0000001c   Code   RO         1615    i.mem_copy          TCP_CM3.lib(at_lib.o)
    0x00022840   0x00000010   Code   RO         1617    i.mem_set           TCP_CM3.lib(at_lib.o)
    0x00022850   0x00000016   Code   RO         1618    i.mem_test          TCP_CM3.lib(at_lib.o)
    0x00022866   0x00000002   PAD
    0x00022868   0x00000080   Code   RO         1557    i.mib_find          TCP_CM3.lib(at_snmp.o)
    0x000228e8   0x00000080   Code   RO         1558    i.mib_write         TCP_CM3.lib(at_snmp.o)
    0x00022968   0x0000006c   Code   RO         1559    i.parse_tlv         TCP_CM3.lib(at_snmp.o)
    0x000229d4   0x00000098   Code   RO         1680    i.process_arp       TCP_CM3.lib(at_arp.o)
    0x00022a6c   0x00000002   Code   RO         1588    i.process_hl_igmp   TCP_CM3.lib(at_ethernet.o)
    0x00022a6e   0x00000074   Code   RO         1704    i.process_icmp      TCP_CM3.lib(at_icmp.o)
    0x00022ae2   0x00000002   PAD
    0x00022ae4   0x0000046c   Code   RO         1478    i.process_tcp       TCP_CM3.lib(at_tcp.o)
    0x00022f50   0x000000c4   Code   RO         1533    i.process_udp       TCP_CM3.lib(at_udp.o)
    0x00023014   0x0000002c   Code   RO         1589    i.put_in_queue      TCP_CM3.lib(at_ethernet.o)
    0x00023040   0x00000034   Code   RO         1653    i.resize_mem        TCP_CM3.lib(at_mem.o)
    0x00023074   0x000000b0   Code   RO         1590    i.run_eth_link      TCP_CM3.lib(at_ethernet.o)
    0x00023124   0x00000030   Code   RO         1560    i.run_snmp_agent    TCP_CM3.lib(at_snmp.o)
    0x00023154   0x00000010   Code   RO         1619    i.set_u32           TCP_CM3.lib(at_lib.o)
    0x00023164   0x00000036   Code   RO         1561    i.set_value         TCP_CM3.lib(at_snmp.o)
    0x0002319a   0x00000002   PAD
    0x0002319c   0x0000031c   Code   RO         1562    i.snmp_listener     TCP_CM3.lib(at_snmp.o)
    0x000234b8   0x0000025c   Code   RO         1564    i.snmp_trap         TCP_CM3.lib(at_snmp.o)
    0x00023714   0x00000016   Code   RO         1620    i.str_copy          TCP_CM3.lib(at_lib.o)
    0x0002372a   0x00000010   Code   RO         1484    i.tcp_get_buf       TCP_CM3.lib(at_tcp.o)
    0x0002373a   0x00000002   PAD
    0x0002373c   0x00000048   Code   RO         1486    i.tcp_get_socket    TCP_CM3.lib(at_tcp.o)
    0x00023784   0x00000014   Code   RO         1488    i.tcp_init_seq      TCP_CM3.lib(at_tcp.o)
    0x00023798   0x0000007c   Code   RO         1489    i.tcp_listen        TCP_CM3.lib(at_tcp.o)
    0x00023814   0x000000a0   Code   RO         1490    i.tcp_map_socket    TCP_CM3.lib(at_tcp.o)
    0x000238b4   0x000001f4   Code   RO         1492    i.tcp_poll_sockets  TCP_CM3.lib(at_tcp.o)
    0x00023aa8   0x00000070   Code   RO         1493    i.tcp_process_opt   TCP_CM3.lib(at_tcp.o)
    0x00023b18   0x00000104   Code   RO         1497    i.tcp_send          TCP_CM3.lib(at_tcp.o)
    0x00023c1c   0x00000022   Code   RO         1498    i.tcp_send_ctrl     TCP_CM3.lib(at_tcp.o)
    0x00023c3e   0x00000002   PAD
    0x00023c40   0x000000f4   Code   RO         1499    i.tcp_send_frame    TCP_CM3.lib(at_tcp.o)
    0x00023d34   0x00000080   Code   RO         1500    i.tcp_send_reset    TCP_CM3.lib(at_tcp.o)
    0x00023db4   0x00000012   Code   RO         1502    i.tcp_set_retransmit  TCP_CM3.lib(at_tcp.o)
    0x00023dc6   0x00000002   PAD
    0x00023dc8   0x00000074   Code   RO         1503    i.tcp_transit       TCP_CM3.lib(at_tcp.o)
    0x00023e3c   0x0000000c   Code   RO         1662    i.timer_tick        TCP_CM3.lib(at_system.o)
    0x00023e48   0x00000010   Code   RO         1535    i.udp_get_buf       TCP_CM3.lib(at_udp.o)
    0x00023e58   0x00000048   Code   RO         1536    i.udp_get_socket    TCP_CM3.lib(at_udp.o)
    0x00023ea0   0x0000007c   Code   RO         1538    i.udp_open          TCP_CM3.lib(at_udp.o)
    0x00023f1c   0x0000010c   Code   RO         1540    i.udp_send          TCP_CM3.lib(at_udp.o)
    0x00024028   0x00000014   Code   RO         1565    i.ulen              TCP_CM3.lib(at_snmp.o)
    0x0002403c   0x0000003c   Data   RO           18    .constdata          net_config_http.o
    0x00024078   0x00000001   Data   RO           19    .constdata          net_config_http.o
    0x00024079   0x00000003   PAD
    0x0002407c   0x00000004   Data   RO           20    .constdata          net_config_http.o
    0x00024080   0x00000002   Data   RO           21    .constdata          net_config_http.o
    0x00024082   0x00000002   Data   RO           22    .constdata          net_config_http.o
    0x00024084   0x00000002   Data   RO           23    .constdata          net_config_http.o
    0x00024086   0x00000001   Data   RO           24    .constdata          net_config_http.o
    0x00024087   0x00000001   Data   RO           25    .constdata          net_config_http.o
    0x00024088   0x00000001   Data   RO           26    .constdata          net_config_http.o
    0x00024089   0x00000001   Data   RO           27    .constdata          net_config_http.o
    0x0002408a   0x00000001   Data   RO           28    .constdata          net_config_http.o
    0x0002408b   0x00000001   PAD
    0x0002408c   0x00000002   Data   RO           29    .constdata          net_config_http.o
    0x0002408e   0x00000002   Data   RO           30    .constdata          net_config_http.o
    0x00024090   0x00000002   Data   RO           31    .constdata          net_config_http.o
    0x00024092   0x00000002   Data   RO           32    .constdata          net_config_http.o
    0x00024094   0x00000001   Data   RO           34    .constdata          net_config_http.o
    0x00024095   0x00000001   Data   RO           35    .constdata          net_config_http.o
    0x00024096   0x00000004   Data   RO           36    .constdata          net_config_http.o
    0x0002409a   0x00000004   Data   RO          164    .constdata          control.o
    0x0002409e   0x00000004   Data   RO          165    .constdata          control.o
    0x000240a2   0x00000004   Data   RO          402    .constdata          eeprom_map.o
    0x000240a6   0x00000004   Data   RO          403    .constdata          eeprom_map.o
    0x000240aa   0x00000004   Data   RO          404    .constdata          eeprom_map.o
    0x000240ae   0x00000004   Data   RO          405    .constdata          eeprom_map.o
    0x000240b2   0x00000004   Data   RO          406    .constdata          eeprom_map.o
    0x000240b6   0x00000004   Data   RO          407    .constdata          eeprom_map.o
    0x000240ba   0x00000004   Data   RO          408    .constdata          eeprom_map.o
    0x000240be   0x00000004   Data   RO          409    .constdata          eeprom_map.o
    0x000240c2   0x00000004   Data   RO          410    .constdata          eeprom_map.o
    0x000240c6   0x00000004   Data   RO          413    .constdata          eeprom_map.o
    0x000240ca   0x00000004   Data   RO          414    .constdata          eeprom_map.o
    0x000240ce   0x00000006   Data   RO          416    .constdata          eeprom_map.o
    0x000240d4   0x00000006   Data   RO          417    .constdata          eeprom_map.o
    0x000240da   0x00000006   Data   RO          418    .constdata          eeprom_map.o
    0x000240e0   0x00000006   Data   RO          419    .constdata          eeprom_map.o
    0x000240e6   0x00000006   Data   RO          420    .constdata          eeprom_map.o
    0x000240ec   0x00000006   Data   RO          421    .constdata          eeprom_map.o
    0x000240f2   0x00000006   Data   RO          422    .constdata          eeprom_map.o
    0x000240f8   0x00000006   Data   RO          423    .constdata          eeprom_map.o
    0x000240fe   0x00000008   Data   RO          424    .constdata          eeprom_map.o
    0x00024106   0x00000008   Data   RO          425    .constdata          eeprom_map.o
    0x0002410e   0x00000008   Data   RO          426    .constdata          eeprom_map.o
    0x00024116   0x00000008   Data   RO          427    .constdata          eeprom_map.o
    0x0002411e   0x00000008   Data   RO          428    .constdata          eeprom_map.o
    0x00024126   0x00000008   Data   RO          429    .constdata          eeprom_map.o
    0x0002412e   0x00000002   PAD
    0x00024130   0x0000068a   Data   RO          457    .constdata          main.o
    0x000247ba   0x00000011   Data   RO          458    .constdata          main.o
    0x000247cb   0x00000001   Data   RO          931    .constdata          snmp_mib.o
    0x000247cc   0x00000002   Data   RO          932    .constdata          snmp_mib.o
    0x000247ce   0x00000001   Data   RO          933    .constdata          snmp_mib.o
    0x000247cf   0x00000001   Data   RO          934    .constdata          snmp_mib.o
    0x000247d0   0x00000004   Data   RO          936    .constdata          snmp_mib.o
    0x000247d4   0x00000200   Data   RO         1174    .constdata          full_can.o
    0x000249d4   0x00000006   Data   RO         1592    .constdata          TCP_CM3.lib(at_ethernet.o)
    0x000249da   0x00000004   Data   RO         1698    .constdata          TCP_CM3.lib(at_ip.o)
    0x000249de   0x00000040   Data   RO         1731    .constdata          mc_w.l(ctype_c.o)
    0x00024a1e   0x00000084   Data   RO          939    .conststring        snmp_mib.o
    0x00024aa2   0x00000002   PAD
    0x00024aa4   0x00000040   Data   RO         1735    Region$$Table       anon$$obj.o


    Execution Region RW_IRAM1 (Base: 0x10000000, Size: 0x00007518, Max: 0x00008000, ABSOLUTE, COMPRESSED[0x00000fa0])

    Base Addr    Size         Type   Attr      Idx    E Section Name        Object

    0x10000000   0x00000006   Data   RW           38    .data               net_config_http.o
    0x10000006   0x00000002   Data   RW           40    .data               net_config_http.o
    0x10000008   0x00000007   Data   RW           41    .data               net_config_http.o
    0x1000000f   0x00000001   PAD
    0x10000010   0x00000088   Data   RW          170    .data               control.o
    0x10000098   0x00000002   Data   RW          207    .data               control.o
    0x1000009a   0x00000002   Data   RW          209    .data               control.o
    0x1000009c   0x00000008   Data   RW          304    .data               mess.o
    0x100000a4   0x00000014   Data   RW          321    .data               ret.o
    0x100000b8   0x0000035e   Data   RW          459    .data               main.o
    0x10000416   0x00000001   Data   RW          464    .data               main.o
    0x10000417   0x00000001   PAD
    0x10000418   0x00000004   Data   RW          479    .data               main.o
    0x1000041c   0x00000004   Data   RW          481    .data               main.o
    0x10000420   0x00000004   Data   RW          483    .data               main.o
    0x10000424   0x00000002   Data   RW          484    .data               main.o
    0x10000426   0x00000006   Data   RW          486    .data               main.o
    0x1000042c   0x00000002   Data   RW          488    .data               main.o
    0x1000042e   0x00000002   Data   RW          490    .data               main.o
    0x10000430   0x00000002   Data   RW          492    .data               main.o
    0x10000432   0x00000002   Data   RW          494    .data               main.o
    0x10000434   0x00000002   Data   RW          496    .data               main.o
    0x10000436   0x00000002   Data   RW          498    .data               main.o
    0x10000438   0x00000002   Data   RW          500    .data               main.o
    0x1000043a   0x00000001   Data   RW          502    .data               main.o
    0x1000043b   0x00000001   PAD
    0x1000043c   0x00000002   Data   RW          503    .data               main.o
    0x1000043e   0x00000002   Data   RW          505    .data               main.o
    0x10000440   0x00000002   Data   RW          507    .data               main.o
    0x10000442   0x00000002   Data   RW          509    .data               main.o
    0x10000444   0x00000004   Data   RW          517    .data               main.o
    0x10000448   0x00000002   Data   RW          525    .data               main.o
    0x1000044a   0x00000002   Data   RW          527    .data               main.o
    0x1000044c   0x00000002   Data   RW          529    .data               main.o
    0x1000044e   0x00000002   Data   RW          531    .data               main.o
    0x10000450   0x00000002   Data   RW          533    .data               main.o
    0x10000452   0x00000002   Data   RW          540    .data               main.o
    0x10000454   0x00000005   Data   RW          549    .data               main.o
    0x10000459   0x00000001   Data   RW          550    .data               main.o
    0x1000045a   0x00000004   Data   RW          558    .data               main.o
    0x1000045e   0x00000002   Data   RW          562    .data               main.o
    0x10000460   0x00000002   Data   RW          565    .data               main.o
    0x10000462   0x00000002   Data   RW          581    .data               main.o
    0x10000464   0x00000002   Data   RW          584    .data               main.o
    0x10000466   0x00000001   Data   RW          586    .data               main.o
    0x10000467   0x00000001   PAD
    0x10000468   0x00000002   Data   RW          589    .data               main.o
    0x1000046a   0x00000006   Data   RW          590    .data               main.o
    0x10000470   0x00000004   Data   RW          592    .data               main.o
    0x10000474   0x00000002   Data   RW          595    .data               main.o
    0x10000476   0x00000001   Data   RW          597    .data               main.o
    0x10000477   0x00000001   PAD
    0x10000478   0x00000008   Data   RW          603    .data               main.o
    0x10000480   0x00000002   Data   RW          609    .data               main.o
    0x10000482   0x00000002   Data   RW          612    .data               main.o
    0x10000484   0x00000002   Data   RW          616    .data               main.o
    0x10000486   0x00000002   Data   RW          618    .data               main.o
    0x10000488   0x00000002   Data   RW          620    .data               main.o
    0x1000048a   0x00000002   Data   RW          623    .data               main.o
    0x1000048c   0x00000001   Data   RW          629    .data               main.o
    0x1000048d   0x00000002   Data   RW          633    .data               main.o
    0x1000048f   0x00000001   Data   RW          636    .data               main.o
    0x10000490   0x00000002   Data   RW          638    .data               main.o
    0x10000492   0x00000002   Data   RW          640    .data               main.o
    0x10000494   0x00000002   Data   RW          642    .data               main.o
    0x10000496   0x00000002   Data   RW          644    .data               main.o
    0x10000498   0x0000217c   Data   RW          815    .data               snmp_data_file.o
    0x10002614   0x00000002   Data   RW          816    .data               snmp_data_file.o
    0x10002616   0x00000002   Data   RW          820    .data               snmp_data_file.o
    0x10002618   0x00000002   Data   RW          825    .data               snmp_data_file.o
    0x1000261a   0x00000002   Data   RW          827    .data               snmp_data_file.o
    0x1000261c   0x00000001   Data   RW          831    .data               snmp_data_file.o
    0x1000261d   0x00000001   Data   RW          833    .data               snmp_data_file.o
    0x1000261e   0x00000002   PAD
    0x10002620   0x000032d0   Data   RW          941    .data               snmp_mib.o
    0x100058f0   0x00000004   Data   RW          974    .data               system_lpc17xx.o
    0x100058f4   0x00000008   Data   RW         1001    .data               timer.o
    0x100058fc   0x0000000c   Data   RW         1064    .data               beep.o
    0x10005908   0x0000000e   Data   RW         1081    .data               ad7705.o
    0x10005916   0x00000002   PAD
    0x10005918   0x00000014   Data   RW         1239    .data               uart0.o
    0x1000592c   0x00000001   Data   RW         1304    .data               modbus.o
    0x1000592d   0x00000001   PAD
    0x1000592e   0x00000006   Data   RW         1371    .data               sacred_sun.o
    0x10005934   0x0000000c   Data   RW         1437    .data               modbus_tcp.o
    0x10005940   0x00000004   Data   RW         1567    .data               TCP_CM3.lib(at_snmp.o)
    0x10005944   0x00000008   Data   RW         1593    .data               TCP_CM3.lib(at_ethernet.o)
    0x1000594c   0x00000002   Data   RW         1681    .data               TCP_CM3.lib(at_arp.o)
    0x1000594e   0x00000004   Data   RW         1699    .data               TCP_CM3.lib(at_ip.o)
    0x10005952   0x00000002   PAD
    0x10005954   0x000000b0   Zero   RW           17    .bss                net_config_http.o
    0x10005a04   0x00000480   Zero   RW          156    .bss                control.o
    0x10005e84   0x00000070   Zero   RW          303    .bss                mess.o
    0x10005ef4   0x0000002a   Zero   RW          448    .bss                main.o
    0x10005f1e   0x0000001e   Zero   RW          453    .bss                main.o
    0x10005f3c   0x0000027a   Zero   RW          810    .bss                snmp_data_file.o
    0x100061b6   0x000001c2   Zero   RW          812    .bss                snmp_data_file.o
    0x10006378   0x00000864   Zero   RW         1234    .bss                uart0.o
    0x10006bdc   0x000000a0   Zero   RW         1302    .bss                modbus.o
    0x10006c7c   0x00000040   Zero   RW         1350    .bss                mcp2515.o
    0x10006cbc   0x0000001c   Zero   RW         1566    .bss                TCP_CM3.lib(at_snmp.o)
    0x10006cd8   0x0000003c   Zero   RW         1663    .bss                TCP_CM3.lib(at_system.o)
    0x10006d14   0x00000004   PAD
    0x10006d18   0x00000800   Zero   RW            1    STACK               startup_lpc17xx.o


    Execution Region RW_IRAM2 (Base: 0x2007c000, Size: 0x0000751c, Max: 0x00008000, ABSOLUTE)

    Base Addr    Size         Type   Attr      Idx    E Section Name        Object

    0x2007c000   0x00000002   Data   RW           39    .data               net_config_http.o
    0x2007c002   0x00000002   Data   RW          206    .data               control.o
    0x2007c004   0x00000002   Data   RW          208    .data               control.o
    0x2007c006   0x00000002   Data   RW          212    .data               control.o
    0x2007c008   0x00000001   Data   RW          216    .data               control.o
    0x2007c009   0x00000003   PAD
    0x2007c00c   0x0000001a   Data   RW          369    .data               avar_hndl.o
    0x2007c026   0x00000001   Data   RW          470    .data               main.o
    0x2007c027   0x00000001   PAD
    0x2007c028   0x00000004   Data   RW          480    .data               main.o
    0x2007c02c   0x00000004   Data   RW          482    .data               main.o
    0x2007c030   0x00000006   Data   RW          485    .data               main.o
    0x2007c036   0x00000002   Data   RW          487    .data               main.o
    0x2007c038   0x00000002   Data   RW          489    .data               main.o
    0x2007c03a   0x00000002   Data   RW          491    .data               main.o
    0x2007c03c   0x00000002   Data   RW          493    .data               main.o
    0x2007c03e   0x00000002   Data   RW          495    .data               main.o
    0x2007c040   0x00000002   Data   RW          497    .data               main.o
    0x2007c042   0x00000002   Data   RW          499    .data               main.o
    0x2007c044   0x00000002   Data   RW          501    .data               main.o
    0x2007c046   0x00000002   Data   RW          504    .data               main.o
    0x2007c048   0x00000002   Data   RW          506    .data               main.o
    0x2007c04a   0x00000002   Data   RW          508    .data               main.o
    0x2007c04c   0x00000002   Data   RW          510    .data               main.o
    0x2007c04e   0x00000004   Data   RW          511    .data               main.o
    0x2007c052   0x00000001   Data   RW          524    .data               main.o
    0x2007c053   0x00000001   PAD
    0x2007c054   0x00000002   Data   RW          526    .data               main.o
    0x2007c056   0x00000002   Data   RW          528    .data               main.o
    0x2007c058   0x00000002   Data   RW          530    .data               main.o
    0x2007c05a   0x00000002   Data   RW          532    .data               main.o
    0x2007c05c   0x00000002   Data   RW          534    .data               main.o
    0x2007c05e   0x00000002   Data   RW          548    .data               main.o
    0x2007c060   0x00000004   Data   RW          557    .data               main.o
    0x2007c064   0x00000002   Data   RW          563    .data               main.o
    0x2007c066   0x00000002   PAD
    0x2007c068   0x00000004   Data   RW          569    .data               main.o
    0x2007c06c   0x00000002   Data   RW          580    .data               main.o
    0x2007c06e   0x00000002   Data   RW          583    .data               main.o
    0x2007c070   0x00000001   Data   RW          585    .data               main.o
    0x2007c071   0x00000001   PAD
    0x2007c072   0x00000002   Data   RW          587    .data               main.o
    0x2007c074   0x00000006   Data   RW          588    .data               main.o
    0x2007c07a   0x00000006   Data   RW          591    .data               main.o
    0x2007c080   0x00000004   Data   RW          593    .data               main.o
    0x2007c084   0x00000002   Data   RW          594    .data               main.o
    0x2007c086   0x00000001   Data   RW          596    .data               main.o
    0x2007c087   0x00000001   PAD
    0x2007c088   0x00000002   Data   RW          604    .data               main.o
    0x2007c08a   0x00000003   Data   RW          608    .data               main.o
    0x2007c08d   0x00000001   PAD
    0x2007c08e   0x00000002   Data   RW          611    .data               main.o
    0x2007c090   0x00000002   Data   RW          615    .data               main.o
    0x2007c092   0x00000002   Data   RW          617    .data               main.o
    0x2007c094   0x00000002   Data   RW          619    .data               main.o
    0x2007c096   0x00000002   Data   RW          622    .data               main.o
    0x2007c098   0x00000002   Data   RW          626    .data               main.o
    0x2007c09a   0x00000001   Data   RW          628    .data               main.o
    0x2007c09b   0x00000001   Data   RW          634    .data               main.o
    0x2007c09c   0x00000002   Data   RW          637    .data               main.o
    0x2007c09e   0x00000002   Data   RW          639    .data               main.o
    0x2007c0a0   0x00000002   Data   RW          641    .data               main.o
    0x2007c0a2   0x00000002   Data   RW          643    .data               main.o
    0x2007c0a4   0x00000002   Data   RW          645    .data               main.o
    0x2007c0a6   0x00000002   Data   RW          819    .data               snmp_data_file.o
    0x2007c0a8   0x00000008   Data   RW          821    .data               snmp_data_file.o
    0x2007c0b0   0x00000002   Data   RW          824    .data               snmp_data_file.o
    0x2007c0b2   0x00000002   Data   RW          826    .data               snmp_data_file.o
    0x2007c0b4   0x00000001   Data   RW          830    .data               snmp_data_file.o
    0x2007c0b5   0x00000001   Data   RW          832    .data               snmp_data_file.o
    0x2007c0b6   0x00000001   Data   RW          834    .data               snmp_data_file.o
    0x2007c0b7   0x00000001   PAD
    0x2007c0b8   0x0000001c   Data   RW         1175    .data               full_can.o
    0x2007c0d4   0x0000000c   Data   RW         1305    .data               modbus.o
    0x2007c0e0   0x00000005   Data   RW         1351    .data               mcp2515.o
    0x2007c0e5   0x00000007   Data   RW         1397    .data               sc16is7xx.o
    0x2007c0ec   0x00000001   Data   RW         1422    .data               ztt.o
    0x2007c0ed   0x00000001   PAD
    0x2007c0ee   0x00000006   Data   RW         1423    .data               ztt.o
    0x2007c0f4   0x00000008   Data   RW         1456    .data               emac_lpc17xx.o
    0x2007c0fc   0x00000004   Data   RW         1504    .data               TCP_CM3.lib(at_tcp.o)
    0x2007c100   0x00000002   Data   RW         1541    .data               TCP_CM3.lib(at_udp.o)
    0x2007c102   0x00000002   PAD
    0x2007c104   0x00000004   Data   RW         1654    .data               TCP_CM3.lib(at_mem.o)
    0x2007c108   0x00000008   Data   RW         1664    .data               TCP_CM3.lib(at_system.o)
    0x2007c110   0x00002890   Zero   RW           14    .bss                net_config_http.o
    0x2007e9a0   0x0000008c   Zero   RW           15    .bss                net_config_http.o
    0x2007ea2c   0x0000003c   Zero   RW           16    .bss                net_config_http.o
    0x2007ea68   0x00001a14   Zero   RW          446    .bss                main.o
    0x2008047c   0x00000032   Zero   RW          451    .bss                main.o
    0x200804ae   0x00000014   Zero   RW          454    .bss                main.o
    0x200804c2   0x0000000c   Zero   RW          455    .bss                main.o
    0x200804ce   0x00000200   Zero   RW          456    .bss                main.o
    0x200806ce   0x0000000a   Zero   RW          811    .bss                snmp_data_file.o
    0x200806d8   0x00000040   Zero   RW         1080    .bss                ad7705.o
    0x20080718   0x000001ba   Zero   RW         1169    .bss                full_can.o
    0x200808d2   0x0000012c   Zero   RW         1370    .bss                sacred_sun.o
    0x200809fe   0x00000020   Zero   RW         1396    .bss                sc16is7xx.o
    0x20080a1e   0x00000014   Zero   RW         1436    .bss                modbus_tcp.o
    0x20080a32   0x00000006   PAD
    0x20080a38   0x00002a64   Zero   RW         1455    .bss                emac_lpc17xx.o
    0x2008349c   0x00000080   Zero   RW         1591    .bss                TCP_CM3.lib(at_ethernet.o)


==============================================================================

Image component sizes


      Code (inc. data)   RO Data    RW Data    ZI Data      Debug   Object Name

      1304         18          0          0          0       3647   25lc640.o
       596         26          0         14         64       2623   ad7705.o
      4772        440          0         26          0       6934   avar_hndl.o
       392         40          0         12          0       1263   beep.o
      5900         56          0          0          0      20389   common_func.o
     11980       1410          8        147       1152      44823   control.o
         0          0        140          0          0       1955   eeprom_map.o
      1276         64          0          8      10852      15171   emac_lpc17xx.o
      8880        268        512         28        442      13604   full_can.o
        88          0          0          0          0       1030   gran.o
      1218          8          0          0          0       2837   lcd_agm1232_uku207_3.o
     84796      15224       1691       1109       7342      89994   main.o
       996         26          0          5         64       3717   mcp2515.o
      3456        786          0          0          0       1436   memo.o
       260         10          0          8        112       1883   mess.o
      3180        188          0         13        160       5751   modbus.o
      1110         28          0         12         20       2436   modbus_tcp.o
        68          0         90         17      10760      12876   net_config_http.o
        60          4          0         20          0       1329   ret.o
        58          0          0          6        300       1276   sacred_sun.o
       632         36          0          7         32       3098   sc16is7xx.o
         0          0          0          0          0      17004   simbols.o
      4268        418          0       8599       1094      20693   snmp_data_file.o
         0          0        141      13008          0        925   snmp_mib.o
        32          8        204          0       2048        880   startup_lpc17xx.o
       432         24          0          4          0        695   system_lpc17xx.o
        88         16          0          8          0        978   timer.o
      1808        114          0         20       2148      10588   uart0.o
         0          0          0          7          0        647   ztt.o

    ----------------------------------------------------------------------
    137656      19212       2858      23100      36596     290482   Object Totals
         0          0         64          0          0          0   (incl. Generated)
         6          0          8         22          6          2   (incl. Padding)

    ----------------------------------------------------------------------

      Code (inc. data)   RO Data    RW Data    ZI Data      Debug   Library Member Name

      1500        156          0          2          0        892   at_arp.o
       428         48          6          8        128        544   at_ethernet.o
       116          0          0          0          0         88   at_icmp.o
       502         26          4          4          0        332   at_ip.o
       272          0          0          0          0        852   at_lib.o
       356         38          0          4          0        348   at_mem.o
      2402        110          0          4         28       1136   at_snmp.o
       128         28          0          8         60        216   at_system.o
      2960        170          0          4          0       1316   at_tcp.o
       704         50          0          2          0        484   at_udp.o
        92          0          0          0          0          0   __dczerorl2.o
        40          6         64          0          0         68   ctype_c.o
         0          0          0          0          0          0   entry.o
         8          4          0          0          0          0   entry2.o
         4          0          0          0          0          0   entry5.o
         8          4          0          0          0          0   entry7.o
        30          0          0          0          0          0   handlers.o
        36          8          0          0          0         68   init.o
         8          0          0          0          0         68   isalnum_c.o
         8          0          0          0          0         68   isdigit_c.o
         8          0          0          0          0         68   islower_c.o
         8          0          0          0          0         68   isupper_c.o
        16          0          0          0          0         68   strlen.o

    ----------------------------------------------------------------------
      9656        648         74         40        220       6684   Library Totals
        22          0          0          4          4          0   (incl. Padding)

    ----------------------------------------------------------------------

      Code (inc. data)   RO Data    RW Data    ZI Data      Debug   Library Name

      9368        626         10         36        216       6208   TCP_CM3.lib
       266         22         64          0          0        476   mc_w.l

    ----------------------------------------------------------------------
      9656        648         74         40        220       6684   Library Totals

    ----------------------------------------------------------------------

==============================================================================


      Code (inc. data)   RO Data    RW Data    ZI Data      Debug   

    147312      19860       2932      23140      36816     291084   Grand Totals
    147312      19860       2932       4272      36816     291084   ELF Image Totals (compressed)
    147312      19860       2932       4272          0          0   ROM Totals

==============================================================================

    Total RO  Size (Code + RO Data)               150244 ( 146.72kB)
    Total RW  Size (RW Data + ZI Data)             59956 (  58.55kB)
    Total ROM Size (Code + RO Data + RW Data)     154516 ( 150.89kB)

==============================================================================

