ARM Linker, 4.1 [Build 644] [Professional (MDK + RL-ARM)]

==============================================================================

Section Cross References

    startup_lpc17xx.o(RESET) refers to startup_lpc17xx.o(STACK) for __initial_sp
    startup_lpc17xx.o(RESET) refers to startup_lpc17xx.o(.text) for Reset_Handler
    startup_lpc17xx.o(RESET) refers to main.o(.text) for SysTick_Handler
    startup_lpc17xx.o(RESET) refers to timer.o(.text) for TIMER0_IRQHandler
    startup_lpc17xx.o(RESET) refers to uart0.o(.text) for UART0_IRQHandler
    startup_lpc17xx.o(RESET) refers to full_can.o(.text) for CAN_IRQHandler
    startup_lpc17xx.o(RESET) refers to emac_lpc17xx.o(.text) for ENET_IRQHandler
    startup_lpc17xx.o(.text) refers to entry.o(.ARM.Collect$$$$00000000) for __main
    net_config_http.o(.text) refers to at_ethernet.o(i.init_eth_link) for init_eth_link
    net_config_http.o(.text) refers to at_udp.o(i.init_udp) for init_udp
    net_config_http.o(.text) refers to at_tcp.o(i.init_tcp) for init_tcp
    net_config_http.o(.text) refers to at_snmp.o(i.init_snmp) for init_snmp
    net_config_http.o(.text) refers to at_ethernet.o(i.run_eth_link) for run_eth_link
    net_config_http.o(.text) refers to at_tcp.o(i.tcp_poll_sockets) for tcp_poll_sockets
    net_config_http.o(.text) refers to at_snmp.o(i.run_snmp_agent) for run_snmp_agent
    net_config_http.o(.text) refers to at_udp.o(i.process_udp) for process_udp
    net_config_http.o(.text) refers to at_tcp.o(i.process_tcp) for process_tcp
    net_config_http.o(.text) refers to at_ethernet.o(i.eth_send_frame) for eth_send_frame
    common_func.o(.text) refers to main.o(.data) for lcd_buffer
    common_func.o(.text) refers to main.o(.data) for dig
    common_func.o(.text) refers to main.o(.data) for zero_on
    common_func.o(.text) refers to 25lc640.o(.text) for lc640_read_int
    common_func.o(.text) refers to main.o(.constdata) for sm_mont
    common_func.o(.text) refers to main.o(.constdata) for ABCDEF
    common_func.o(.text) refers to ret.o(.text) for ret
    common_func.o(.text) refers to main.o(.bss) for b_ind
    control.o(.text) refers to 25lc640.o(.text) for lc640_write_int
    control.o(.text) refers to gran.o(.text) for gran_char
    control.o(.text) refers to mess.o(.text) for mess_send
    control.o(.text) refers to common_func.o(.text) for abs
    control.o(.text) refers to control.o(.data) for .data
    control.o(.text) refers to main.o(.bss) for bat
    control.o(.text) refers to main.o(.data) for IKB
    control.o(.text) refers to eeprom_map.o(.constdata) for ADR_EE_BAT_ZAR_CNT_KE
    control.o(.text) refers to main.o(.data) for bat_u_old_cnt
    control.o(.text) refers to main.o(.data) for Kibat0
    control.o(.text) refers to ad7705.o(.data) for ad7705_buff_
    control.o(.text) refers to eeprom_map.o(.constdata) for ADR_KI0BAT
    control.o(.text) refers to main.o(.data) for KunetA
    control.o(.text) refers to main.o(.data) for KunetB
    control.o(.text) refers to main.o(.data) for KunetC
    control.o(.text) refers to control.o(.bss) for .bss
    control.o(.text) refers to main.o(.data) for Kunet
    control.o(.text) refers to main.o(.data) for Kubat
    control.o(.text) refers to main.o(.data) for Kubatm
    control.o(.text) refers to main.o(.data) for Kibat1
    control.o(.text) refers to main.o(.data) for Ktbat
    control.o(.text) refers to main.o(.data) for Kuload
    control.o(.text) refers to main.o(.data) for Ktext
    control.o(.text) refers to main.o(.data) for ibat_metr_buff_
    control.o(.text) refers to main.o(.data) for adc_buff_ext_
    control.o(.text) refers to main.o(.data) for Kunet_ext
    control.o(.text) refers to main.o(.bss) for eb2_data_short
    control.o(.text) refers to main.o(.data) for Kvv_eb2
    control.o(.text) refers to main.o(.data) for Kpes_eb2
    control.o(.text) refers to main.o(.data) for t_ext_can
    control.o(.text) refers to main.o(.text) for abs_pal
    control.o(.text) refers to main.o(.data) for Isumm
    control.o(.text) refers to main.o(.data) for avar_vd_stat
    control.o(.text) refers to main.o(.data) for bVDISWORK
    control.o(.text) refers to main.o(.data) for rele_av_flags
    control.o(.text) refers to mess.o(.data) for mess_data
    control.o(.text) refers to modbus.o(.text) for CRC16_2
    control.o(.text) refers to sc16is7xx.o(.text) for putchar_sc16is700
    control.o(.text) refers to snmp_data_file.o(.text) for snmp_trap_send
    control.o(.text) refers to main.o(.data) for num_necc
    control.o(.text) refers to main.o(.data) for ipsBlckStat
    control.o(.text) refers to main.o(.data) for power_summary_tempo
    control.o(.text) refers to main.o(.data) for power_summary_tempo_old
    control.o(.text) refers to main.o(.data) for powerSummaryCnt
    control.o(.text) refers to main.o(.data) for power_current_tempo
    control.o(.text) refers to main.o(.data) for power_current_tempo_old
[...]
    main_vent_pos                            0x10000196   Data           2  main.o(.data)
    bIBAT_SMKLBR                             0x10000198   Data           2  main.o(.data)
    ipsBlckSrc                               0x1000019a   Data           2  main.o(.data)
    ipsBlckLog                               0x1000019c   Data           2  main.o(.data)
    outVoltContrHndlCnt                      0x1000019e   Data           2  main.o(.data)
    ica_my_current                           0x100001a0   Data           2  main.o(.data)
    ica_your_current                         0x100001a2   Data           2  main.o(.data)
    ica_u_necc                               0x100001a4   Data           2  main.o(.data)
    parol                                    0x100001a6   Data           3  main.o(.data)
    ND_EXT                                   0x100001a9   Data           3  main.o(.data)
    sk_stat                                  0x100001ac   Data           4  main.o(.data)
    sk_av_stat                               0x100001b0   Data           4  main.o(.data)
    tick                                     0x100001b4   Data           4  main.o(.data)
    BAT_DAY_OF_ON                            0x100001b8   Data           4  main.o(.data)
    BAT_MONTH_OF_ON                          0x100001bc   Data           4  main.o(.data)
    BAT_YEAR_OF_ON                           0x100001c0   Data           4  main.o(.data)
    BAT_C_NOM                                0x100001c4   Data           4  main.o(.data)
    BAT_RESURS                               0x100001c8   Data           4  main.o(.data)
    AUSW_MAIN_NUMBER                         0x100001cc   Data           4  main.o(.data)
    sk_cnt                                   0x100001d0   Data           4  main.o(.data)
    bSILENT                                  0x100001d4   Data           4  main.o(.data)
    but_n                                    0x100001d8   Data           4  main.o(.data)
    but_s                                    0x100001dc   Data           4  main.o(.data)
    power_summary                            0x100001e0   Data           4  main.o(.data)
    a_ind                                    0x100001e4   Data           5  main.o(.data)
    c_ind                                    0x100001e9   Data           5  main.o(.data)
    TMAX_EXT_EN                              0x100001ee   Data           6  main.o(.data)
    TMAX_EXT                                 0x100001f4   Data           6  main.o(.data)
    TMIN_EXT_EN                              0x100001fa   Data           6  main.o(.data)
    TMIN_EXT                                 0x10000200   Data           6  main.o(.data)
    T_EXT_REL_EN                             0x10000206   Data           6  main.o(.data)
    T_EXT_ZVUK_EN                            0x1000020c   Data           6  main.o(.data)
    T_EXT_LCD_EN                             0x10000212   Data           6  main.o(.data)
    T_EXT_RS_EN                              0x10000218   Data           6  main.o(.data)
    t_ext                                    0x1000021e   Data           6  main.o(.data)
    Uvv                                      0x10000224   Data           6  main.o(.data)
    Uvv_eb2                                  0x1000022a   Data           6  main.o(.data)
    Upes_eb2                                 0x10000230   Data           6  main.o(.data)
    RELE_SET_MASK                            0x10000236   Data           8  main.o(.data)
    SK_SIGN                                  0x1000023e   Data           8  main.o(.data)
    SK_REL_EN                                0x10000246   Data           8  main.o(.data)
    SK_ZVUK_EN                               0x1000024e   Data           8  main.o(.data)
    SK_LCD_EN                                0x10000256   Data           8  main.o(.data)
    SK_RS_EN                                 0x1000025e   Data           8  main.o(.data)
    lcd_buffer                               0x10000266   Data         300  main.o(.data)
    bRESET_EXT                               0x10000392   Data           1  main.o(.data)
    mixer_vent_stat                          0x10000393   Data           1  main.o(.data)
    tloaddisable_stat                        0x10000394   Data           1  main.o(.data)
    npn_stat                                 0x10000395   Data           1  main.o(.data)
    Kubat                                    0x10000396   Data           4  main.o(.data)
    Kibat0                                   0x1000039a   Data           4  main.o(.data)
    Ktbat                                    0x1000039e   Data           4  main.o(.data)
    Ktext                                    0x100003a2   Data           6  main.o(.data)
    Kuload                                   0x100003a8   Data           2  main.o(.data)
    KunetB                                   0x100003aa   Data           2  main.o(.data)
    Kubps                                    0x100003ac   Data           2  main.o(.data)
    Kuvd                                     0x100003ae   Data           2  main.o(.data)
    APV_ON                                   0x100003b0   Data           2  main.o(.data)
    RELE_LOG                                 0x100003b2   Data           2  main.o(.data)
    TVENTOFF                                 0x100003b4   Data           2  main.o(.data)
    TWARMOFF                                 0x100003b6   Data           2  main.o(.data)
    RELEVENTSIGN                             0x100003b8   Data           1  main.o(.data)
    TBOXVENTOFF                              0x100003ba   Data           2  main.o(.data)
    NUMEXT                                   0x100003bc   Data           2  main.o(.data)
    CNTRL_HNDL_TIME                          0x100003be   Data           2  main.o(.data)
    QSODERG_LI_BAT                           0x100003c0   Data           2  main.o(.data)
    AUSW_UKU_NUMBER                          0x100003c4   Data           4  main.o(.data)
    MIN_AVZ                                  0x100003c8   Data           2  main.o(.data)
    DATE_AVZ                                 0x100003ca   Data           2  main.o(.data)
    YEAR_AVZ                                 0x100003cc   Data           2  main.o(.data)
    RELE_VENT_LOGIC                          0x100003ce   Data           2  main.o(.data)
    bat_u_old_cnt                            0x100003d0   Data           2  main.o(.data)
    bps_I                                    0x100003d2   Data           2  main.o(.data)
    dig                                      0x100003d4   Data           5  main.o(.data)
    zero_on                                  0x100003d9   Data           1  main.o(.data)
    sk_av_stat_old                           0x100003da   Data           4  main.o(.data)
    u_necc_dn                                0x100003de   Data           2  main.o(.data)
    Isumm                                    0x100003e0   Data           2  main.o(.data)
    sign_U                                   0x100003e2   Data           2  main.o(.data)
    ext_can_cnt                              0x100003e4   Data           1  main.o(.data)
    vvod_pos                                 0x100003e6   Data           2  main.o(.data)
    Kvv_eb2                                  0x100003e8   Data           6  main.o(.data)
    power_summary_tempo                      0x100003f0   Data           4  main.o(.data)
    power_current_tempo                      0x100003f4   Data           2  main.o(.data)
    powerCurrentCnt                          0x100003f6   Data           1  main.o(.data)
    av_tbox_cnt                              0x100003f8   Data           2  main.o(.data)
    tloaddisable_cnt                         0x100003fa   Data           2  main.o(.data)
    ibat_metr_buff_                          0x100003fc   Data           8  main.o(.data)
    plazma_can_inv                           0x10000404   Data           3  main.o(.data)
    bat_drv_rx_cnt                           0x10000408   Data           2  main.o(.data)
    plazma_bat_drv1                          0x1000040a   Data           2  main.o(.data)
    speedChrgVolt                            0x1000040c   Data           2  main.o(.data)
    speedChrgAvtEn                           0x1000040e   Data           2  main.o(.data)
    speedChIsOn                              0x10000410   Data           2  main.o(.data)
    speedChTimeCnt                           0x10000414   Data           4  main.o(.data)
    speedChrgBlckLog                         0x10000418   Data           2  main.o(.data)
    ipsBlckStat                              0x1000041a   Data           2  main.o(.data)
    bVDISWORK                                0x1000041c   Data           1  main.o(.data)
    plazma1809                               0x1000041d   Data           1  main.o(.data)
    overloadHndlCnt                          0x1000041e   Data           2  main.o(.data)
    uAvarHndlOutUMinCnt                      0x10000420   Data           2  main.o(.data)
    uAvarHndlInUMinCnt                       0x10000422   Data           2  main.o(.data)
    pvlk                                     0x10000424   Data           2  main.o(.data)
    avar_vd_stat                             0x10000426   Data           2  main.o(.data)
    snmp_warm_sign                           0x10000428   Data           1  snmp_data_file.o(.data)
    snmp_cool_sign                           0x10000429   Data           1  snmp_data_file.o(.data)
    snmp_warm_on_temper                      0x1000042a   Data           1  snmp_data_file.o(.data)
    snmp_warm_off_temper                     0x1000042b   Data           1  snmp_data_file.o(.data)
    snmp_warm_q                              0x1000042c   Data           1  snmp_data_file.o(.data)
    snmp_cool_100_temper                     0x1000042d   Data           1  snmp_data_file.o(.data)
    snmp_cool_80_temper                      0x1000042e   Data           1  snmp_data_file.o(.data)
    snmp_cool_60_temper                      0x1000042f   Data           1  snmp_data_file.o(.data)
    snmp_cool_40_temper                      0x10000430   Data           1  snmp_data_file.o(.data)
    snmp_cool_20_temper                      0x10000431   Data           1  snmp_data_file.o(.data)
    snmp_cool_20_dtemper                     0x10000432   Data           1  snmp_data_file.o(.data)
    snmp_trap_send_i                         0x10000433   Data           1  snmp_data_file.o(.data)
    snmp_trap_send_ii                        0x10000434   Data           1  snmp_data_file.o(.data)
    snmp_numofbat                            0x10000436   Data           2  snmp_data_file.o(.data)
    snmp_numofbps                            0x10000438   Data           2  snmp_data_file.o(.data)
    snmp_numofinv                            0x1000043a   Data           2  snmp_data_file.o(.data)
    snmp_numofavt                            0x1000043c   Data           2  snmp_data_file.o(.data)
    snmp_numofdt                             0x1000043e   Data           2  snmp_data_file.o(.data)
    snmp_numofsk                             0x10000440   Data           2  snmp_data_file.o(.data)
    snmp_numofevents                         0x10000442   Data           2  snmp_data_file.o(.data)
    snmp_mains_power_voltage                 0x10000444   Data           2  snmp_data_file.o(.data)
    snmp_mains_power_frequency               0x10000446   Data           2  snmp_data_file.o(.data)
    snmp_mains_power_voltage_phaseA          0x10000448   Data           2  snmp_data_file.o(.data)
    snmp_mains_power_voltage_phaseB          0x1000044a   Data           2  snmp_data_file.o(.data)
    snmp_mains_power_voltage_phaseC          0x1000044c   Data           2  snmp_data_file.o(.data)
    snmp_load_voltage                        0x1000044e   Data           2  snmp_data_file.o(.data)
    snmp_load_current                        0x10000450   Data           2  snmp_data_file.o(.data)
    snmp_spc_trap_value_0                    0x10000452   Data           2  snmp_data_file.o(.data)
    snmp_spc_trap_value_1                    0x10000454   Data           2  snmp_data_file.o(.data)
    snmp_spc_trap_value_2                    0x10000456   Data           2  snmp_data_file.o(.data)
    snmp_energy_vvod_phase_a                 0x10000458   Data           2  snmp_data_file.o(.data)
    snmp_energy_vvod_phase_b                 0x1000045a   Data           2  snmp_data_file.o(.data)
    snmp_energy_vvod_phase_c                 0x1000045c   Data           2  snmp_data_file.o(.data)
    snmp_energy_pes_phase_a                  0x1000045e   Data           2  snmp_data_file.o(.data)
    snmp_energy_pes_phase_b                  0x10000460   Data           2  snmp_data_file.o(.data)
    snmp_energy_pes_phase_c                  0x10000462   Data           2  snmp_data_file.o(.data)
    snmp_energy_input_voltage                0x10000464   Data           2  snmp_data_file.o(.data)
    snmp_energy_current_energy               0x10000466   Data           2  snmp_data_file.o(.data)
    snmp_command                             0x10000468   Data           2  snmp_data_file.o(.data)
    snmp_command_parametr                    0x1000046a   Data           2  snmp_data_file.o(.data)
    snmp_zv_en                               0x1000046c   Data           2  snmp_data_file.o(.data)
    snmp_alarm_auto_disable                  0x1000046e   Data           2  snmp_data_file.o(.data)
    snmp_bat_test_time                       0x10000470   Data           2  snmp_data_file.o(.data)
    snmp_u_max                               0x10000472   Data           2  snmp_data_file.o(.data)
    snmp_u_sign                              0x10000474   Data           2  snmp_data_file.o(.data)
    snmp_u_min_power                         0x10000476   Data           2  snmp_data_file.o(.data)
    snmp_u_withouth_bat                      0x10000478   Data           2  snmp_data_file.o(.data)
    snmp_control_current                     0x1000047a   Data           2  snmp_data_file.o(.data)
    snmp_max_charge_current                  0x1000047c   Data           2  snmp_data_file.o(.data)
    snmp_max_current                         0x1000047e   Data           2  snmp_data_file.o(.data)
    snmp_min_current                         0x10000480   Data           2  snmp_data_file.o(.data)
    snmp_powerup_psu_timeout                 0x10000482   Data           2  snmp_data_file.o(.data)
    snmp_max_temperature                     0x10000484   Data           2  snmp_data_file.o(.data)
    snmp_tsign_bat                           0x10000486   Data           2  snmp_data_file.o(.data)
    snmp_tmax_bat                            0x10000488   Data           2  snmp_data_file.o(.data)
    snmp_tsign_bps                           0x1000048a   Data           2  snmp_data_file.o(.data)
    snmp_tmax_bps                            0x1000048c   Data           2  snmp_data_file.o(.data)
    snmp_bat_part_alarm                      0x1000048e   Data           2  snmp_data_file.o(.data)
    snmp_power_cnt_adress                    0x10000490   Data           2  snmp_data_file.o(.data)
    snmp_klimat_box_temper                   0x10000492   Data           2  snmp_data_file.o(.data)
    snmp_klimat_settings_box_alarm           0x10000494   Data           2  snmp_data_file.o(.data)
    snmp_klimat_settings_vent_on             0x10000496   Data           2  snmp_data_file.o(.data)
    snmp_klimat_settings_vent_off            0x10000498   Data           2  snmp_data_file.o(.data)
    snmp_klimat_settings_warm_on             0x1000049a   Data           2  snmp_data_file.o(.data)
    snmp_klimat_settings_warm_off            0x1000049c   Data           2  snmp_data_file.o(.data)
    snmp_klimat_settings_load_on             0x1000049e   Data           2  snmp_data_file.o(.data)
    snmp_klimat_settings_load_off            0x100004a0   Data           2  snmp_data_file.o(.data)
    snmp_klimat_settings_batt_on             0x100004a2   Data           2  snmp_data_file.o(.data)
    snmp_klimat_settings_batt_off            0x100004a4   Data           2  snmp_data_file.o(.data)
    snmp_dt_ext                              0x100004a6   Data           2  snmp_data_file.o(.data)
    snmp_dt_msan                             0x100004a8   Data           2  snmp_data_file.o(.data)
    snmp_dt_epu                              0x100004aa   Data           2  snmp_data_file.o(.data)
    snmp_dt_number                           0x100004ac   Data           3  snmp_data_file.o(.data)
    snmp_dt_error                            0x100004af   Data           3  snmp_data_file.o(.data)
    snmp_lakb_cell_temperature_1             0x100004b2   Data           3  snmp_data_file.o(.data)
    snmp_lakb_cell_temperature_2             0x100004b5   Data           3  snmp_data_file.o(.data)
    snmp_lakb_cell_temperature_3             0x100004b8   Data           3  snmp_data_file.o(.data)
    snmp_lakb_cell_temperature_4             0x100004bb   Data           3  snmp_data_file.o(.data)
    snmp_lakb_cell_temperature_ambient       0x100004be   Data           3  snmp_data_file.o(.data)
    snmp_lakb_cell_temperature_power         0x100004c1   Data           3  snmp_data_file.o(.data)
    snmp_sernum                              0x100004c4   Data           4  snmp_data_file.o(.data)
    snmp_bat_number                          0x100004c8   Data           4  snmp_data_file.o(.data)
    snmp_bat_voltage                         0x100004cc   Data           4  snmp_data_file.o(.data)
    snmp_bat_current                         0x100004d0   Data           4  snmp_data_file.o(.data)
    snmp_bat_temperature                     0x100004d4   Data           4  snmp_data_file.o(.data)
    snmp_bat_capacity                        0x100004d8   Data           4  snmp_data_file.o(.data)
    snmp_bat_charge                          0x100004dc   Data           4  snmp_data_file.o(.data)
    snmp_bat_status                          0x100004e0   Data           4  snmp_data_file.o(.data)
    snmp_bat_part_voltage                    0x100004e4   Data           4  snmp_data_file.o(.data)
    snmp_energy_total_energy                 0x100004e8   Data           4  snmp_data_file.o(.data)
    snmp_sk_number                           0x100004ec   Data           4  snmp_data_file.o(.data)
    snmp_sk_aktiv                            0x100004f0   Data           4  snmp_data_file.o(.data)
    snmp_sk_alarm_aktiv                      0x100004f4   Data           4  snmp_data_file.o(.data)
    snmp_sk_alarm                            0x100004f8   Data           4  snmp_data_file.o(.data)
    temp_ip                                  0x100004fc   Data           4  snmp_data_file.o(.data)
    snmp_inv_number                          0x10000500   Data           6  snmp_data_file.o(.data)
    snmp_inv_voltage                         0x10000506   Data           6  snmp_data_file.o(.data)
    snmp_inv_current                         0x1000050c   Data           6  snmp_data_file.o(.data)
    snmp_inv_temperature                     0x10000512   Data           6  snmp_data_file.o(.data)
    snmp_inv_stat                            0x10000518   Data           6  snmp_data_file.o(.data)
    snmp_dt_temper                           0x1000051e   Data           6  snmp_data_file.o(.data)
    snmp_makb_connect_status                 0x10000524   Data           8  snmp_data_file.o(.data)
    snmp_makb_voltage0                       0x1000052c   Data           8  snmp_data_file.o(.data)
    snmp_makb_voltage1                       0x10000534   Data           8  snmp_data_file.o(.data)
    snmp_makb_voltage2                       0x1000053c   Data           8  snmp_data_file.o(.data)
    snmp_makb_voltage3                       0x10000544   Data           8  snmp_data_file.o(.data)
    snmp_makb_voltage4                       0x1000054c   Data           8  snmp_data_file.o(.data)
    snmp_makb_temper0                        0x10000554   Data           8  snmp_data_file.o(.data)
    snmp_makb_temper1                        0x1000055c   Data           8  snmp_data_file.o(.data)
    snmp_makb_temper2                        0x10000564   Data           8  snmp_data_file.o(.data)
    snmp_makb_temper3                        0x1000056c   Data           8  snmp_data_file.o(.data)
    snmp_makb_temper4                        0x10000574   Data           8  snmp_data_file.o(.data)
    snmp_makb_temper0_stat                   0x1000057c   Data           8  snmp_data_file.o(.data)
    snmp_makb_temper1_stat                   0x10000584   Data           8  snmp_data_file.o(.data)
    snmp_makb_temper2_stat                   0x1000058c   Data           8  snmp_data_file.o(.data)
    snmp_makb_temper3_stat                   0x10000594   Data           8  snmp_data_file.o(.data)
    snmp_makb_temper4_stat                   0x1000059c   Data           8  snmp_data_file.o(.data)
    snmp_log                                 0x100005a4   Data        8192  snmp_data_file.o(.data)
    snmp_mains_power_status                  0x100025a4   Data           2  snmp_data_file.o(.data)
    snmp_u_min                               0x100025a6   Data           2  snmp_data_file.o(.data)
    snmp_u_20_grad                           0x100025a8   Data           2  snmp_data_file.o(.data)
    snmp_cool_100_dtemper                    0x100025aa   Data           1  snmp_data_file.o(.data)
    snmp_cool_60_dtemper                     0x100025ab   Data           1  snmp_data_file.o(.data)
    snmp_warm_stat                           0x100025ac   Data           1  snmp_data_file.o(.data)
    snmp_mib                                 0x100025b0   Data       13008  snmp_mib.o(.data)
    timer0_counter                           0x10005880   Data           4  timer.o(.data)
    timer1_counter                           0x10005884   Data           4  timer.o(.data)
    b7705ch                                  0x10005888   Data           1  ad7705.o(.data)
    ad7705_wrk_cnt                           0x10005889   Data           1  ad7705.o(.data)
    ad7705_res1                              0x1000588a   Data           2  ad7705.o(.data)
    ad7705_res2                              0x1000588c   Data           2  ad7705.o(.data)
    ad7705_res                               0x1000588e   Data           2  ad7705.o(.data)
    ad7705_plazma                            0x10005890   Data           2  ad7705.o(.data)
    ad7705_buff_                             0x10005892   Data           4  ad7705.o(.data)
    bOUT_FREE                                0x10005898   Data           1  full_can.o(.data)
    bOUT_FREE2                               0x10005899   Data           1  full_can.o(.data)
    can_reset_cnt                            0x1000589a   Data           1  full_can.o(.data)
    ptr_can1_tx_wr                           0x1000589b   Data           1  full_can.o(.data)
    ptr_can1_tx_rd                           0x1000589c   Data           1  full_can.o(.data)
    ptr_can2_tx_wr                           0x1000589d   Data           1  full_can.o(.data)
    ptr_can2_tx_rd                           0x1000589e   Data           1  full_can.o(.data)
    bR                                       0x1000589f   Data           1  full_can.o(.data)
    bIN                                      0x100058a0   Data           1  full_can.o(.data)
    bIN2                                     0x100058a1   Data           1  full_can.o(.data)
    TX_len                                   0x100058a2   Data           1  full_can.o(.data)
    can_tx_cnt                               0x100058a3   Data           1  full_can.o(.data)
    cnt_can_pal                              0x100058a4   Data           1  full_can.o(.data)
    plazma_can_pal_index                     0x100058a5   Data           1  full_can.o(.data)
    plazma_can                               0x100058a6   Data           1  full_can.o(.data)
    plazma_can1                              0x100058a7   Data           1  full_can.o(.data)
    plazma_can2                              0x100058a8   Data           1  full_can.o(.data)
    plazma_can3                              0x100058a9   Data           1  full_can.o(.data)
    plazma_can4                              0x100058aa   Data           1  full_can.o(.data)
    gCANFilter                               0x100058ac   Data           2  full_can.o(.data)
    can2_tx_cnt                              0x100058ae   Data           2  full_can.o(.data)
    CANStatus                                0x100058b0   Data           4  full_can.o(.data)
    UART0TxEmpty                             0x100058b4   Data           1  uart0.o(.data)
    bRXIN0                                   0x100058b5   Data           1  uart0.o(.data)
    rx_buffer_overflow0                      0x100058b6   Data           1  uart0.o(.data)
    plazma_uart0                             0x100058b7   Data           1  uart0.o(.data)
    rx_wr_index0                             0x100058b8   Data           2  uart0.o(.data)
    rx_rd_index0                             0x100058ba   Data           2  uart0.o(.data)
    rx_counter0                              0x100058bc   Data           2  uart0.o(.data)
    tx_wr_index0                             0x100058be   Data           2  uart0.o(.data)
    tx_rd_index0                             0x100058c0   Data           2  uart0.o(.data)
    tx_counter0                              0x100058c2   Data           2  uart0.o(.data)
    UART0Status                              0x100058c4   Data           4  uart0.o(.data)
    bMODBUS_TIMEOUT                          0x100058c8   Data           1  modbus.o(.data)
    modbus_rx_buffer_ptr                     0x100058c9   Data           1  modbus.o(.data)
    modbus_rx_counter                        0x100058ca   Data           1  modbus.o(.data)
    modbus_plazma                            0x100058cc   Data           2  modbus.o(.data)
    modbus_plazma1                           0x100058ce   Data           2  modbus.o(.data)
    modbus_plazma2                           0x100058d0   Data           2  modbus.o(.data)
    modbus_plazma3                           0x100058d2   Data           2  modbus.o(.data)
    portForSacredSunBatteryIsInitiated       0x100058d4   Data           1  sacred_sun.o(.data)
    sacredSunBatteryHndlPhase                0x100058d5   Data           1  sacred_sun.o(.data)
    sacredSunRequestPhase                    0x100058d6   Data           1  sacred_sun.o(.data)
    sacredSunSilentCnt                       0x100058d8   Data           2  sacred_sun.o(.data)
    zTTRequestPhase                          0x100058da   Data           1  ztt.o(.data)
    arp_table                                0x100058f0   Data         140  net_config_http.o(.bss)
    adc_buff                                 0x1000597c   Data        1024  control.o(.bss)
    adc_buff_                                0x10005d7c   Data          32  control.o(.bss)
    main_power_buffer                        0x10005d9c   Data          32  control.o(.bss)
    bat_ips                                  0x10005dbc   Data          76  main.o(.bss)
    lakb_damp                                0x10005e08   Data          42  main.o(.bss)
    avt_stat_old                             0x10005e32   Data          12  main.o(.bss)
    snmp_location                            0x10005e52   Data         100  snmp_data_file.o(.bss)
    snmp_bps_number                          0x10005eb6   Data          16  snmp_data_file.o(.bss)
    snmp_bps_voltage                         0x10005ec6   Data          16  snmp_data_file.o(.bss)
    snmp_bps_current                         0x10005ed6   Data          16  snmp_data_file.o(.bss)
    snmp_bps_temperature                     0x10005ee6   Data          16  snmp_data_file.o(.bss)
    snmp_bps_stat                            0x10005ef6   Data          16  snmp_data_file.o(.bss)
    snmp_spc_trap_message                    0x10005f06   Data         100  snmp_data_file.o(.bss)
    snmp_avt_number                          0x10005f6a   Data          12  snmp_data_file.o(.bss)
    snmp_avt_stat                            0x10005f76   Data          12  snmp_data_file.o(.bss)
    snmp_sk_name                             0x10005f82   Data          80  snmp_data_file.o(.bss)
    snmp_lakb_number                         0x10005fd2   Data          14  snmp_data_file.o(.bss)
    snmp_lakb_voltage                        0x10005fe0   Data          14  snmp_data_file.o(.bss)
    snmp_lakb_max_cell_voltage               0x10005fee   Data          14  snmp_data_file.o(.bss)
    snmp_lakb_min_cell_voltage               0x10005ffc   Data          14  snmp_data_file.o(.bss)
    snmp_lakb_max_cell_temperature           0x1000600a   Data          14  snmp_data_file.o(.bss)
    snmp_lakb_min_cell_temperature           0x10006018   Data          14  snmp_data_file.o(.bss)
    snmp_lakb_ch_curr                        0x10006026   Data          14  snmp_data_file.o(.bss)
    snmp_lakb_dsch_curr                      0x10006034   Data          14  snmp_data_file.o(.bss)
    snmp_lakb_rat_cap                        0x10006042   Data          14  snmp_data_file.o(.bss)
    snmp_lakb_soh                            0x10006050   Data          14  snmp_data_file.o(.bss)
    snmp_lakb_soc                            0x1000605e   Data          14  snmp_data_file.o(.bss)
    snmp_lakb_cclv                           0x1000606c   Data          14  snmp_data_file.o(.bss)
    snmp_lakb_rbt                            0x1000607a   Data          14  snmp_data_file.o(.bss)
    snmp_lakb_flags1                         0x10006088   Data          14  snmp_data_file.o(.bss)
    snmp_lakb_flags2                         0x10006096   Data          14  snmp_data_file.o(.bss)
    obj                                      0x100060a4   Data          20  snmp_data_file.o(.bss)
    snmp_community                           0x100060b8   Data          10  snmp_data_file.o(.bss)
    snmp_lakb_damp1                          0x100060c2   Data         450  snmp_data_file.o(.bss)
    UIB0                                     0x10006284   Data         100  uart0.o(.bss)
    rx_buffer0                               0x100062e8   Data        1024  uart0.o(.bss)
    tx_buffer0                               0x100066e8   Data        1024  uart0.o(.bss)
    mcp2515_out_buff                         0x10006ae8   Data          64  mcp2515.o(.bss)
    liBatteryInBuff                          0x10006b28   Data         300  sacred_sun.o(.bss)
    tx_buffer_sc16is700                      0x10006c54   Data          32  sc16is7xx.o(.bss)
    localm                                   0x10006cf4   Data          60  at_system.o(.bss)
    __initial_sp                             0x10007530   Data           0  startup_lpc17xx.o(STACK)
    snmp_PortNum                             0x2007c000   Data           2  net_config_http.o(.data)
    snmp_TrapPort                            0x2007c002   Data           2  net_config_http.o(.data)
    vent_stat                                0x2007c004   Data           1  control.o(.data)
    adc_self_ch_cnt                          0x2007c006   Data           1  control.o(.data)
    adc_ch_net                               0x2007c007   Data           1  control.o(.data)
    adc_ch                                   0x2007c008   Data           1  control.o(.data)
    adc_ch_cnt                               0x2007c009   Data           1  control.o(.data)
    adc_window_flag                          0x2007c00a   Data           1  control.o(.data)
    ch_cnt0                                  0x2007c00b   Data           1  control.o(.data)
    b1Hz_ch                                  0x2007c00c   Data           1  control.o(.data)
    i                                        0x2007c00d   Data           1  control.o(.data)
    iiii                                     0x2007c00e   Data           1  control.o(.data)
    bAVG                                     0x2007c00f   Data           1  control.o(.data)
    avg_cnt_                                 0x2007c010   Data           1  control.o(.data)
    avg_num                                  0x2007c011   Data           1  control.o(.data)
    bAVG_BLOCK                               0x2007c012   Data           1  control.o(.data)
    bAVG_DIR                                 0x2007c013   Data           1  control.o(.data)
    num_of_wrks_bps                          0x2007c014   Data           1  control.o(.data)
    num_necc_up                              0x2007c015   Data           1  control.o(.data)
    num_necc_down                            0x2007c016   Data           1  control.o(.data)
    sh_cnt0                                  0x2007c017   Data           1  control.o(.data)
    b1Hz_sh                                  0x2007c018   Data           1  control.o(.data)
    spc_stat                                 0x2007c019   Data           1  control.o(.data)
    spc_bat                                  0x2007c01a   Data           1  control.o(.data)
    spc_phase                                0x2007c01b   Data           1  control.o(.data)
    ke_start_stat                            0x2007c01c   Data           1  control.o(.data)
    numOfForvardBps                          0x2007c01d   Data           1  control.o(.data)
    numOfForvardBps_old                      0x2007c01e   Data           1  control.o(.data)
    numOfForvardBps_minCnt                   0x2007c01f   Data           1  control.o(.data)
    cntrl_hndl_plazma                        0x2007c020   Data           1  control.o(.data)
    cntrl_stat                               0x2007c022   Data           2  control.o(.data)
    cntrl_stat_old                           0x2007c024   Data           2  control.o(.data)
    avg_main_cnt                             0x2007c026   Data           2  control.o(.data)
    u_out_reg_main_cnt                       0x2007c028   Data           2  control.o(.data)
    net_buff_                                0x2007c02c   Data           2  control.o(.data)
    adc_result                               0x2007c02e   Data           2  control.o(.data)
    adc_gorb_cnt                             0x2007c030   Data           2  control.o(.data)
    adc_zero_cnt                             0x2007c032   Data           2  control.o(.data)
    adc_window_cnt                           0x2007c034   Data           2  control.o(.data)
    adc_net_buff_cnt                         0x2007c036   Data           2  control.o(.data)
    plazma_sk                                0x2007c038   Data           2  control.o(.data)
    cntrl_stat_new                           0x2007c03a   Data           2  control.o(.data)
    Ibmax                                    0x2007c03c   Data           2  control.o(.data)
    IZMAX_                                   0x2007c03e   Data           2  control.o(.data)
    Ubpsmax                                  0x2007c040   Data           2  control.o(.data)
    samokalibr_cnt                           0x2007c042   Data           2  control.o(.data)
    main_kb_cnt                              0x2007c044   Data           2  control.o(.data)
    bps_on_mask                              0x2007c046   Data           2  control.o(.data)
    bps_off_mask                             0x2007c048   Data           2  control.o(.data)
    __ee_spc_stat                            0x2007c04a   Data           2  control.o(.data)
    __ee_spc_bat                             0x2007c04c   Data           2  control.o(.data)
    __ee_spc_phase                           0x2007c04e   Data           2  control.o(.data)
    cntrl_stat_blok_cnt                      0x2007c050   Data           2  control.o(.data)
    cntrl_stat_blok_cnt_                     0x2007c052   Data           2  control.o(.data)
    numOfForvardBps_hourCnt                  0x2007c054   Data           2  control.o(.data)
    i_avg_max                                0x2007c058   Data           4  control.o(.data)
    i_avg_min                                0x2007c05c   Data           4  control.o(.data)
    i_avg_summ                               0x2007c060   Data           4  control.o(.data)
    i_avg                                    0x2007c064   Data           4  control.o(.data)
    avg                                      0x2007c068   Data           4  control.o(.data)
    plazma_inv                               0x2007c06c   Data           4  control.o(.data)
    net_metr_buff_                           0x2007c070   Data           6  control.o(.data)
    adc_self_ch_buff                         0x2007c076   Data           6  control.o(.data)
    adc_self_ch_disp                         0x2007c07c   Data           6  control.o(.data)
    ke_date                                  0x2007c084   Data           8  control.o(.data)
    vz_cnt_s_                                0x2007c08c   Data           2  control.o(.data)
    vz_cnt_h_                                0x2007c08e   Data           2  control.o(.data)
    mess_data                                0x2007c090   Data           8  mess.o(.data)
    retind                                   0x2007c098   Data           1  ret.o(.data)
    retsub                                   0x2007c099   Data           1  ret.o(.data)
    retindsec                                0x2007c09a   Data           1  ret.o(.data)
    f0                                       0x2007c09b   Data           1  ret.o(.data)
    fc0                                      0x2007c09c   Data           1  ret.o(.data)
    f1                                       0x2007c09d   Data           1  ret.o(.data)
    fc1                                      0x2007c09e   Data           1  ret.o(.data)
    ret_duty                                 0x2007c0a0   Data           2  ret.o(.data)
    retcnt                                   0x2007c0a4   Data           4  ret.o(.data)
    retcntsec                                0x2007c0a8   Data           4  ret.o(.data)
    t_box_cnt                                0x2007c0ac   Data           1  main.o(.data)
    tbatdisable_stat                         0x2007c0ad   Data           1  main.o(.data)
    av_tbox_stat                             0x2007c0ae   Data           1  main.o(.data)
    ips_bat_av_vzvod                         0x2007c0af   Data           1  main.o(.data)
    Kubatm                                   0x2007c0b0   Data           4  main.o(.data)
    Kibat1                                   0x2007c0b4   Data           4  main.o(.data)
    Kunet                                    0x2007c0b8   Data           2  main.o(.data)
    Kunet_ext                                0x2007c0ba   Data           6  main.o(.data)
    KunetA                                   0x2007c0c0   Data           2  main.o(.data)
    KunetC                                   0x2007c0c2   Data           2  main.o(.data)
    Kuout                                    0x2007c0c4   Data           2  main.o(.data)
    MAIN_IST                                 0x2007c0c6   Data           2  main.o(.data)
    VZ_HR                                    0x2007c0c8   Data           2  main.o(.data)
    TVENTON                                  0x2007c0ca   Data           2  main.o(.data)
    TWARMON                                  0x2007c0cc   Data           2  main.o(.data)
    TBOXVENTON                               0x2007c0ce   Data           2  main.o(.data)
    DU_LI_BAT                                0x2007c0d0   Data           2  main.o(.data)
    NUMBYPASS                                0x2007c0d2   Data           2  main.o(.data)
    USODERG_LI_BAT                           0x2007c0d4   Data           2  main.o(.data)
    BAT_C_REAL                               0x2007c0d6   Data           4  main.o(.data)
    AVZ                                      0x2007c0da   Data           1  main.o(.data)
    HOUR_AVZ                                 0x2007c0dc   Data           2  main.o(.data)
    SEC_AVZ                                  0x2007c0de   Data           2  main.o(.data)
    MONTH_AVZ                                0x2007c0e0   Data           2  main.o(.data)
    AVZ_TIME                                 0x2007c0e2   Data           2  main.o(.data)
    BAT_LINK                                 0x2007c0e4   Data           2  main.o(.data)
    numOfPacks_                              0x2007c0e6   Data           2  main.o(.data)
    sk_av_cnt                                0x2007c0e8   Data           4  main.o(.data)
    u_necc_up                                0x2007c0ec   Data           2  main.o(.data)
    num_necc                                 0x2007c0ee   Data           2  main.o(.data)
    mat_temper                               0x2007c0f0   Data           4  main.o(.data)
    Isumm_                                   0x2007c0f4   Data           2  main.o(.data)
    sign_I                                   0x2007c0f6   Data           2  main.o(.data)
    superviser_cnt                           0x2007c0f8   Data           1  main.o(.data)
    adc_buff_ext_                            0x2007c0fa   Data           6  main.o(.data)
    t_ext_can                                0x2007c100   Data           2  main.o(.data)
    Kpes_eb2                                 0x2007c102   Data           6  main.o(.data)
    power_summary_tempo_old                  0x2007c108   Data           4  main.o(.data)
    power_current_tempo_old                  0x2007c10c   Data           2  main.o(.data)
    powerSummaryCnt                          0x2007c10e   Data           1  main.o(.data)
    tbatdisable_cnt                          0x2007c110   Data           2  main.o(.data)
    npn_tz_cnt                               0x2007c112   Data           2  main.o(.data)
    plazma_bat_drv0                          0x2007c114   Data           2  main.o(.data)
    speedChrgCurr                            0x2007c116   Data           2  main.o(.data)
    speedChrgTimeInHour                      0x2007c118   Data           2  main.o(.data)
    speedChrgDU                              0x2007c11a   Data           2  main.o(.data)
    speedChrgBlckSrc                         0x2007c11c   Data           2  main.o(.data)
    speedChrgBlckStat                        0x2007c11e   Data           2  main.o(.data)
    speedChrgShowCnt                         0x2007c120   Data           1  main.o(.data)
    vd_is_work_cnt                           0x2007c121   Data           1  main.o(.data)
    plazma_ztt                               0x2007c122   Data           2  main.o(.data)
    tcp_connect_stat                         0x2007c124   Data           1  main.o(.data)
    uAvarHndlOutUMaxCnt                      0x2007c126   Data           2  main.o(.data)
    uAvarHndlInUMaxCnt                       0x2007c128   Data           2  main.o(.data)
    sysTAvarHndlCnt                          0x2007c12a   Data           2  main.o(.data)
    rele_av_flags                            0x2007c12c   Data           2  main.o(.data)
    snmp_device_code                         0x2007c12e   Data           2  snmp_data_file.o(.data)
    snmp_mains_power_alarm                   0x2007c130   Data           2  snmp_data_file.o(.data)
    snmp_makb_number                         0x2007c132   Data           8  snmp_data_file.o(.data)
    snmp_u_0_grad                            0x2007c13a   Data           2  snmp_data_file.o(.data)
    snmp_uvz                                 0x2007c13c   Data           2  snmp_data_file.o(.data)
    snmp_cool_80_dtemper                     0x2007c13e   Data           1  snmp_data_file.o(.data)
    snmp_cool_40_dtemper                     0x2007c13f   Data           1  snmp_data_file.o(.data)
    SystemFrequency                          0x2007c140   Data           4  system_lpc17xx.o(.data)
    beep_stat_cnt                            0x2007c145   Data           1  beep.o(.data)
    beep_cnt                                 0x2007c146   Data           1  beep.o(.data)
    bU_BAT2REL_AV_BAT                        0x2007c147   Data           1  beep.o(.data)
    beep_stat_temp                           0x2007c148   Data           4  beep.o(.data)
    beep_stat                                0x2007c14c   Data           4  beep.o(.data)
    modbus_timeout_cnt                       0x2007c150   Data           1  modbus.o(.data)
    mcp2515_can_st                           0x2007c151   Data           1  mcp2515.o(.data)
    mcp2515_can_st_old                       0x2007c152   Data           1  mcp2515.o(.data)
    bMCP2515_IN                              0x2007c153   Data           1  mcp2515.o(.data)
    mcp2515_buff_wr_ptr                      0x2007c154   Data           1  mcp2515.o(.data)
    mcp2515_buff_rd_ptr                      0x2007c155   Data           1  mcp2515.o(.data)
    sc16is700ByteAvailable                   0x2007c156   Data           1  sc16is7xx.o(.data)
    sc16is700TxFifoLevel                     0x2007c157   Data           1  sc16is7xx.o(.data)
    tx_wr_index_sc16is700                    0x2007c158   Data           1  sc16is7xx.o(.data)
    tx_rd_index_sc16is700                    0x2007c159   Data           1  sc16is7xx.o(.data)
    sc16is700TxFifoEmptyCnt                  0x2007c15a   Data           1  sc16is7xx.o(.data)
    sc16is700TxPossibleFlag                  0x2007c15b   Data           1  sc16is7xx.o(.data)
    sc16is700RecieveDisableFlag              0x2007c15c   Data           1  sc16is7xx.o(.data)
    zTTSilentCnt                             0x2007c15e   Data           6  ztt.o(.data)
    modbus_tcp_func                          0x2007c164   Data           1  modbus_tcp.o(.data)
    modbus_tcp_unit                          0x2007c165   Data           1  modbus_tcp.o(.data)
    modbus_tcp_rx_arg0                       0x2007c166   Data           2  modbus_tcp.o(.data)
    modbus_tcp_rx_arg1                       0x2007c168   Data           2  modbus_tcp.o(.data)
    modbus_tcp_out_ptr                       0x2007c16c   Data           4  modbus_tcp.o(.data)
    iap_entry                                0x2007c174   Data           4  emac_lpc17xx.o(.data)
    snmp_SysUpTime                           0x2007c178   Data           4  at_snmp.o(.data)
    sys_tick                                 0x2007c17c   Data           1  at_system.o(.data)
    sec_tick                                 0x2007c17d   Data           1  at_system.o(.data)
    timer_cnt                                0x2007c180   Data           2  at_system.o(.data)
    Mem_Pool                                 0x2007c18c   Data       10384  net_config_http.o(.bss)
    udp_socket                               0x2007ea1c   Data          60  net_config_http.o(.bss)
    tcp_socket                               0x2007ea58   Data         176  net_config_http.o(.bss)
    mess                                     0x2007eb08   Data          10  mess.o(.bss)
    mess_old                                 0x2007eb12   Data          10  mess.o(.bss)
    mess_cnt                                 0x2007eb1c   Data          10  mess.o(.bss)
    mess_par0                                0x2007eb28   Data          40  mess.o(.bss)
    mess_par1                                0x2007eb50   Data          40  mess.o(.bss)
    bat                                      0x2007eb78   Data         152  main.o(.bss)
    makb                                     0x2007ec10   Data         168  main.o(.bss)
    lakb                                     0x2007ecb8   Data         228  main.o(.bss)
    li_bat                                   0x2007ed9c   Data          24  main.o(.bss)
    bps                                      0x2007edb4   Data        3016  main.o(.bss)
    inv                                      0x2007f97c   Data        1920  main.o(.bss)
    byps                                     0x200800fc   Data          14  main.o(.bss)
    lcd_bitmap                               0x2008010a   Data        1024  main.o(.bss)
    tst_state                                0x2008050a   Data          15  main.o(.bss)
    content                                  0x20080519   Data          63  main.o(.bss)
    ibt                                      0x20080558   Data          30  main.o(.bss)
    avt_stat                                 0x20080576   Data          12  main.o(.bss)
    ica_plazma                               0x20080582   Data          10  main.o(.bss)
    b_ind                                    0x2008058c   Data          50  main.o(.bss)
    eb2_data                                 0x200805be   Data          30  main.o(.bss)
    eb2_data_short                           0x200805dc   Data          20  main.o(.bss)
    bat_drv_rx_buff                          0x200805f0   Data         512  main.o(.bss)
    ad7705_buff                              0x200807f0   Data          64  ad7705.o(.bss)
    can1_info                                0x20080830   Data          32  full_can.o(.bss)
    can1_id                                  0x20080850   Data          32  full_can.o(.bss)
    can1_data                                0x20080870   Data          32  full_can.o(.bss)
    can1_datb                                0x20080890   Data          32  full_can.o(.bss)
    can2_info                                0x200808b0   Data          32  full_can.o(.bss)
    can2_id                                  0x200808d0   Data          32  full_can.o(.bss)
    can2_data                                0x200808f0   Data          32  full_can.o(.bss)
    can2_datb                                0x20080910   Data          32  full_can.o(.bss)
    rotor_can                                0x20080930   Data          12  full_can.o(.bss)
    gFullCANList                             0x2008093c   Data          24  full_can.o(.bss)
    RXBUFF                                   0x20080954   Data          40  full_can.o(.bss)
    TXBUFF                                   0x2008097c   Data          40  full_can.o(.bss)
    can_rotor                                0x200809a4   Data          10  full_can.o(.bss)
    can_debug_plazma                         0x200809ae   Data          20  full_can.o(.bss)
    plazma_can_pal                           0x200809c2   Data          20  full_can.o(.bss)
    ccc_plazma                               0x200809d6   Data          20  full_can.o(.bss)
    modbus_rx_buffer                         0x200809ea   Data          30  modbus.o(.bss)
    modbus_an_buffer                         0x20080a08   Data          30  modbus.o(.bss)
    modbus_tx_buff                           0x20080a26   Data         100  modbus.o(.bss)
    plazma_modbus_tcp                        0x20080a8a   Data          20  modbus_tcp.o(.bss)



==============================================================================

Memory Map of the image

  Image Entry point : 0x000000cd

  Load Region LR_IROM1 (Base: 0x00000000, Size: 0x0002ccdc, Max: 0x00080000, ABSOLUTE, COMPRESSED[0x0002821c])

    Execution Region ER_IROM1 (Base: 0x00000000, Size: 0x00027260, Max: 0x00080000, ABSOLUTE)

    Base Addr    Size         Type   Attr      Idx    E Section Name        Object

    0x00000000   0x000000cc   Data   RO            3    RESET               startup_lpc17xx.o
    0x000000cc   0x00000000   Code   RO         1273  * .ARM.Collect$$$$00000000  mc_w.l(entry.o)
    0x000000cc   0x00000004   Code   RO         1292    .ARM.Collect$$$$00000001  mc_w.l(entry2.o)
    0x000000d0   0x00000004   Code   RO         1295    .ARM.Collect$$$$00000004  mc_w.l(entry5.o)
    0x000000d4   0x00000008   Code   RO         1296    .ARM.Collect$$$$00000007  mc_w.l(entry7.o)
    0x000000dc   0x00000004   Code   RO         1293    .ARM.Collect$$$$00002712  mc_w.l(entry2.o)
    0x000000e0   0x0000001c   Code   RO            5    .text               startup_lpc17xx.o
    0x000000fc   0x00000044   Code   RO           13    .text               net_config_http.o
    0x00000140   0x00000104   Code   RO          221    .text               mess.o
    0x00000244   0x0000008c   Code   RO          237    .text               ret.o
    0x000002d0   0x00000008   Code   RO         1276    .text               mc_w.l(isalnum_c.o)
    0x000002d8   0x00000008   Code   RO         1278    .text               mc_w.l(isdigit_c.o)
    0x000002e0   0x00000008   Code   RO         1280    .text               mc_w.l(islower_c.o)
    0x000002e8   0x00000008   Code   RO         1282    .text               mc_w.l(isupper_c.o)
    0x000002f0   0x0000000a   Code   RO         1171    i.CalcChksumVal     TCP_CM3.lib(at_lib.o)
    0x000002fa   0x00000002   Code   RO         1305    i.__scatterload_null  mc_w.l(handlers.o)
    0x000002fc   0x00000004   Code   RO            4    .ARM.__at_0x02FC    startup_lpc17xx.o
    0x00000300   0x0000194c   Code   RO           65    .text               common_func.o
    0x00001c4c   0x00003a64   Code   RO          111    .text               control.o
    0x000056b0   0x0000006a   Code   RO          255    .text               gran.o
    0x0000571a   0x00000002   PAD
    0x0000571c   0x0000167a   Code   RO          267    .text               avar_hndl.o
    0x00006d96   0x00000002   PAD
    0x00006d98   0x00014c20   Code   RO          331    .text               main.o
    0x0001b9b8   0x00001a24   Code   RO          628    .text               snmp_data_file.o
    0x0001d3dc   0x00000d80   Code   RO          700    .text               memo.o
    0x0001e15c   0x000001b0   Code   RO          712    .text               system_lpc17xx.o
    0x0001e30c   0x00000138   Code   RO          733    .text               timer.o
    0x0001e444   0x00000188   Code   RO          767    .text               beep.o
    0x0001e5cc   0x000002ac   Code   RO          782    .text               ad7705.o
    0x0001e878   0x00000618   Code   RO          800    .text               lcd_agm1232_uku207_3.o
    0x0001ee90   0x00000594   Code   RO          812    .text               25lc640.o
    0x0001f424   0x000025b4   Code   RO          824    .text               full_can.o
    0x000219d8   0x00000a78   Code   RO          853    .text               uart0.o
    0x00022450   0x00000c6c   Code   RO          885    .text               modbus.o
    0x000230bc   0x000003e4   Code   RO          927    .text               mcp2515.o
    0x000234a0   0x000000e4   Code   RO          947    .text               sacred_sun.o
    0x00023584   0x000002c4   Code   RO          967    .text               sc16is7xx.o
    0x00023848   0x00000456   Code   RO         1002    .text               modbus_tcp.o
    0x00023c9e   0x00000002   PAD
    0x00023ca0   0x000004fc   Code   RO         1021    .text               emac_lpc17xx.o
    0x0002419c   0x00000024   Code   RO         1284    .text               mc_w.l(memcpya.o)
    0x000241c0   0x00000026   Code   RO         1286    .text               mc_w.l(memseta.o)
    0x000241e6   0x00000010   Code   RO         1288    .text               mc_w.l(strlen.o)
    0x000241f6   0x00000002   PAD
    0x000241f8   0x00000028   Code   RO         1297    .text               mc_w.l(ctype_c.o)
    0x00024220   0x00000024   Code   RO         1300    .text               mc_w.l(init.o)
    0x00024244   0x0000005c   Code   RO         1310    .text               mc_w.l(__dczerorl2.o)
    0x000242a0   0x00000016   Code   RO         1169    i.CalcChksum        TCP_CM3.lib(at_lib.o)
    0x000242b6   0x00000002   PAD
    0x000242b8   0x00000028   Code   RO         1170    i.CalcChksumBuf     TCP_CM3.lib(at_lib.o)
    0x000242e0   0x0000000a   Code   RO         1172    i.SwapB             TCP_CM3.lib(at_lib.o)
    0x000242ea   0x0000000e   Code   RO         1304    i.__scatterload_copy  mc_w.l(handlers.o)
    0x000242f8   0x0000000e   Code   RO         1306    i.__scatterload_zeroinit  mc_w.l(handlers.o)
    0x00024306   0x00000002   PAD
    0x00024308   0x000000ec   Code   RO         1118    i.add_object        TCP_CM3.lib(at_snmp.o)
    0x000243f4   0x000000a4   Code   RO         1217    i.alloc_mem         TCP_CM3.lib(at_mem.o)
    0x00024498   0x000000c4   Code   RO         1236    i.arp_cache_add     TCP_CM3.lib(at_arp.o)
    0x0002455c   0x0000006c   Code   RO         1237    i.arp_cache_alloc   TCP_CM3.lib(at_arp.o)
    0x000245c8   0x00000118   Code   RO         1238    i.arp_cache_find    TCP_CM3.lib(at_arp.o)
    0x000246e0   0x000000f8   Code   RO         1240    i.arp_cache_update  TCP_CM3.lib(at_arp.o)
    0x000247d8   0x00000068   Code   RO         1242    i.arp_get_response  TCP_CM3.lib(at_arp.o)
    0x00024840   0x0000009c   Code   RO         1243    i.arp_send_reply    TCP_CM3.lib(at_arp.o)
    0x000248dc   0x000000ac   Code   RO         1244    i.arp_send_req      TCP_CM3.lib(at_arp.o)
    0x00024988   0x00000046   Code   RO         1119    i.bind_tlv          TCP_CM3.lib(at_snmp.o)
    0x000249ce   0x0000003e   Code   RO         1120    i.bind_val          TCP_CM3.lib(at_snmp.o)
    0x00024a0c   0x00000010   Code   RO         1150    i.eth_chk_adr       TCP_CM3.lib(at_ethernet.o)
    0x00024a1c   0x00000098   Code   RO         1152    i.eth_send_frame    TCP_CM3.lib(at_ethernet.o)
    0x00024ab4   0x00000068   Code   RO         1218    i.free_mem          TCP_CM3.lib(at_mem.o)
    0x00024b1c   0x00000016   Code   RO         1179    i.get_u32           TCP_CM3.lib(at_lib.o)
    0x00024b32   0x0000002c   Code   RO         1121    i.get_value         TCP_CM3.lib(at_snmp.o)
    0x00024b5e   0x0000000c   Code   RO         1122    i.ilen              TCP_CM3.lib(at_snmp.o)
    0x00024b6a   0x00000002   PAD
    0x00024b6c   0x00000038   Code   RO         1227    i.init_TcpNet       TCP_CM3.lib(at_system.o)
    0x00024ba4   0x00000028   Code   RO         1245    i.init_arp          TCP_CM3.lib(at_arp.o)
    0x00024bcc   0x00000024   Code   RO         1153    i.init_eth_link     TCP_CM3.lib(at_ethernet.o)
    0x00024bf0   0x00000024   Code   RO         1219    i.init_mem          TCP_CM3.lib(at_mem.o)
    0x00024c14   0x0000005c   Code   RO         1123    i.init_snmp         TCP_CM3.lib(at_snmp.o)
    0x00024c70   0x00000018   Code   RO         1044    i.init_tcp          TCP_CM3.lib(at_tcp.o)
    0x00024c88   0x0000001c   Code   RO         1099    i.init_udp          TCP_CM3.lib(at_udp.o)
    0x00024ca4   0x000000c4   Code   RO         1261    i.ip_chk_frame      TCP_CM3.lib(at_ip.o)
    0x00024d68   0x0000000a   Code   RO         1262    i.ip_get_chksum     TCP_CM3.lib(at_ip.o)
    0x00024d72   0x00000002   PAD
    0x00024d74   0x00000098   Code   RO         1263    i.ip_get_locadr     TCP_CM3.lib(at_ip.o)
    0x00024e0c   0x00000090   Code   RO         1264    i.ip_send_frame     TCP_CM3.lib(at_ip.o)
    0x00024e9c   0x00000022   Code   RO         1180    i.is_subnet         TCP_CM3.lib(at_lib.o)
    0x00024ebe   0x00000002   PAD
    0x00024ec0   0x0000002c   Code   RO         1246    i.is_subnet_bcast   TCP_CM3.lib(at_arp.o)
    0x00024eec   0x0000003c   Code   RO         1228    i.main_TcpNet       TCP_CM3.lib(at_system.o)
    0x00024f28   0x0000001e   Code   RO         1181    i.mem_comp          TCP_CM3.lib(at_lib.o)
    0x00024f46   0x00000002   PAD
    0x00024f48   0x0000001c   Code   RO         1182    i.mem_copy          TCP_CM3.lib(at_lib.o)
    0x00024f64   0x00000010   Code   RO         1184    i.mem_set           TCP_CM3.lib(at_lib.o)
    0x00024f74   0x00000016   Code   RO         1185    i.mem_test          TCP_CM3.lib(at_lib.o)
    0x00024f8a   0x00000002   PAD
    0x00024f8c   0x00000080   Code   RO         1124    i.mib_find          TCP_CM3.lib(at_snmp.o)
    0x0002500c   0x00000080   Code   RO         1125    i.mib_write         TCP_CM3.lib(at_snmp.o)
    0x0002508c   0x0000006c   Code   RO         1126    i.parse_tlv         TCP_CM3.lib(at_snmp.o)
    0x000250f8   0x00000002   Code   RO         1154    i.poll_ethernet     TCP_CM3.lib(at_ethernet.o)
    0x000250fa   0x00000002   PAD
    0x000250fc   0x00000098   Code   RO         1247    i.process_arp       TCP_CM3.lib(at_arp.o)
    0x00025194   0x00000002   Code   RO         1155    i.process_hl_igmp   TCP_CM3.lib(at_ethernet.o)
    0x00025196   0x00000074   Code   RO         1271    i.process_icmp      TCP_CM3.lib(at_icmp.o)
    0x0002520a   0x00000002   PAD
    0x0002520c   0x0000046c   Code   RO         1045    i.process_tcp       TCP_CM3.lib(at_tcp.o)
    0x00025678   0x000000c4   Code   RO         1100    i.process_udp       TCP_CM3.lib(at_udp.o)
    0x0002573c   0x0000002c   Code   RO         1156    i.put_in_queue      TCP_CM3.lib(at_ethernet.o)
    0x00025768   0x00000034   Code   RO         1220    i.resize_mem        TCP_CM3.lib(at_mem.o)
    0x0002579c   0x000000b0   Code   RO         1157    i.run_eth_link      TCP_CM3.lib(at_ethernet.o)
    0x0002584c   0x00000030   Code   RO         1127    i.run_snmp_agent    TCP_CM3.lib(at_snmp.o)
    0x0002587c   0x00000010   Code   RO         1186    i.set_u32           TCP_CM3.lib(at_lib.o)
    0x0002588c   0x00000036   Code   RO         1128    i.set_value         TCP_CM3.lib(at_snmp.o)
    0x000258c2   0x00000002   PAD
    0x000258c4   0x0000031c   Code   RO         1129    i.snmp_listener     TCP_CM3.lib(at_snmp.o)
    0x00025be0   0x0000025c   Code   RO         1131    i.snmp_trap         TCP_CM3.lib(at_snmp.o)
    0x00025e3c   0x00000016   Code   RO         1187    i.str_copy          TCP_CM3.lib(at_lib.o)
    0x00025e52   0x00000010   Code   RO         1051    i.tcp_get_buf       TCP_CM3.lib(at_tcp.o)
    0x00025e62   0x00000002   PAD
    0x00025e64   0x00000048   Code   RO         1053    i.tcp_get_socket    TCP_CM3.lib(at_tcp.o)
    0x00025eac   0x00000014   Code   RO         1055    i.tcp_init_seq      TCP_CM3.lib(at_tcp.o)
    0x00025ec0   0x0000007c   Code   RO         1056    i.tcp_listen        TCP_CM3.lib(at_tcp.o)
    0x00025f3c   0x000000a0   Code   RO         1057    i.tcp_map_socket    TCP_CM3.lib(at_tcp.o)
    0x00025fdc   0x000001f4   Code   RO         1059    i.tcp_poll_sockets  TCP_CM3.lib(at_tcp.o)
    0x000261d0   0x00000070   Code   RO         1060    i.tcp_process_opt   TCP_CM3.lib(at_tcp.o)
    0x00026240   0x00000104   Code   RO         1064    i.tcp_send          TCP_CM3.lib(at_tcp.o)
    0x00026344   0x00000022   Code   RO         1065    i.tcp_send_ctrl     TCP_CM3.lib(at_tcp.o)
    0x00026366   0x00000002   PAD
    0x00026368   0x000000f4   Code   RO         1066    i.tcp_send_frame    TCP_CM3.lib(at_tcp.o)
    0x0002645c   0x00000080   Code   RO         1067    i.tcp_send_reset    TCP_CM3.lib(at_tcp.o)
    0x000264dc   0x00000012   Code   RO         1069    i.tcp_set_retransmit  TCP_CM3.lib(at_tcp.o)
    0x000264ee   0x00000002   PAD
    0x000264f0   0x00000074   Code   RO         1070    i.tcp_transit       TCP_CM3.lib(at_tcp.o)
    0x00026564   0x0000000c   Code   RO         1229    i.timer_tick        TCP_CM3.lib(at_system.o)
    0x00026570   0x00000010   Code   RO         1102    i.udp_get_buf       TCP_CM3.lib(at_udp.o)
    0x00026580   0x00000048   Code   RO         1103    i.udp_get_socket    TCP_CM3.lib(at_udp.o)
    0x000265c8   0x0000007c   Code   RO         1105    i.udp_open          TCP_CM3.lib(at_udp.o)
    0x00026644   0x0000010c   Code   RO         1107    i.udp_send          TCP_CM3.lib(at_udp.o)
    0x00026750   0x00000014   Code   RO         1132    i.ulen              TCP_CM3.lib(at_snmp.o)
    0x00026764   0x0000003c   Data   RO           18    .constdata          net_config_http.o
    0x000267a0   0x00000001   Data   RO           19    .constdata          net_config_http.o
    0x000267a1   0x00000003   PAD
    0x000267a4   0x00000004   Data   RO           20    .constdata          net_config_http.o
    0x000267a8   0x00000002   Data   RO           21    .constdata          net_config_http.o
    0x000267aa   0x00000002   Data   RO           22    .constdata          net_config_http.o
    0x000267ac   0x00000002   Data   RO           23    .constdata          net_config_http.o
    0x000267ae   0x00000001   Data   RO           24    .constdata          net_config_http.o
    0x000267af   0x00000001   Data   RO           25    .constdata          net_config_http.o
    0x000267b0   0x00000001   Data   RO           26    .constdata          net_config_http.o
    0x000267b1   0x00000001   Data   RO           27    .constdata          net_config_http.o
    0x000267b2   0x00000001   Data   RO           28    .constdata          net_config_http.o
    0x000267b3   0x00000001   PAD
    0x000267b4   0x00000002   Data   RO           29    .constdata          net_config_http.o
    0x000267b6   0x00000002   Data   RO           30    .constdata          net_config_http.o
    0x000267b8   0x00000002   Data   RO           31    .constdata          net_config_http.o
    0x000267ba   0x00000002   Data   RO           32    .constdata          net_config_http.o
    0x000267bc   0x00000001   Data   RO           34    .constdata          net_config_http.o
    0x000267bd   0x00000001   Data   RO           35    .constdata          net_config_http.o
    0x000267be   0x00000004   Data   RO           36    .constdata          net_config_http.o
    0x000267c2   0x00000004   Data   RO          121    .constdata          control.o
    0x000267c6   0x00000004   Data   RO          122    .constdata          control.o
    0x000267ca   0x00000004   Data   RO          291    .constdata          eeprom_map.o
    0x000267ce   0x00000004   Data   RO          292    .constdata          eeprom_map.o
    0x000267d2   0x00000004   Data   RO          293    .constdata          eeprom_map.o
    0x000267d6   0x00000004   Data   RO          294    .constdata          eeprom_map.o
    0x000267da   0x00000004   Data   RO          295    .constdata          eeprom_map.o
    0x000267de   0x00000004   Data   RO          296    .constdata          eeprom_map.o
    0x000267e2   0x00000004   Data   RO          297    .constdata          eeprom_map.o
    0x000267e6   0x00000004   Data   RO          298    .constdata          eeprom_map.o
    0x000267ea   0x00000004   Data   RO          299    .constdata          eeprom_map.o
    0x000267ee   0x00000004   Data   RO          302    .constdata          eeprom_map.o
    0x000267f2   0x00000004   Data   RO          303    .constdata          eeprom_map.o
    0x000267f6   0x00000006   Data   RO          305    .constdata          eeprom_map.o
    0x000267fc   0x00000006   Data   RO          306    .constdata          eeprom_map.o
    0x00026802   0x00000006   Data   RO          307    .constdata          eeprom_map.o
    0x00026808   0x00000006   Data   RO          308    .constdata          eeprom_map.o
    0x0002680e   0x00000006   Data   RO          309    .constdata          eeprom_map.o
    0x00026814   0x00000006   Data   RO          310    .constdata          eeprom_map.o
    0x0002681a   0x00000006   Data   RO          311    .constdata          eeprom_map.o
    0x00026820   0x00000006   Data   RO          312    .constdata          eeprom_map.o
    0x00026826   0x00000008   Data   RO          313    .constdata          eeprom_map.o
    0x0002682e   0x00000008   Data   RO          314    .constdata          eeprom_map.o
    0x00026836   0x00000008   Data   RO          315    .constdata          eeprom_map.o
    0x0002683e   0x00000008   Data   RO          316    .constdata          eeprom_map.o
    0x00026846   0x00000008   Data   RO          317    .constdata          eeprom_map.o
    0x0002684e   0x00000008   Data   RO          318    .constdata          eeprom_map.o
    0x00026856   0x00000002   PAD
    0x00026858   0x0000068a   Data   RO          343    .constdata          main.o
    0x00026ee2   0x00000011   Data   RO          344    .constdata          main.o
    0x00026ef3   0x00000001   PAD
    0x00026ef4   0x00000051   Data   RO          633    .constdata          snmp_data_file.o
    0x00026f45   0x00000001   Data   RO          670    .constdata          snmp_mib.o
    0x00026f46   0x00000002   Data   RO          671    .constdata          snmp_mib.o
    0x00026f48   0x00000001   Data   RO          672    .constdata          snmp_mib.o
    0x00026f49   0x00000001   Data   RO          673    .constdata          snmp_mib.o
    0x00026f4a   0x00000002   PAD
    0x00026f4c   0x00000004   Data   RO          675    .constdata          snmp_mib.o
    0x00026f50   0x00000200   Data   RO          830    .constdata          full_can.o
    0x00027150   0x00000006   Data   RO         1159    .constdata          TCP_CM3.lib(at_ethernet.o)
    0x00027156   0x00000004   Data   RO         1265    .constdata          TCP_CM3.lib(at_ip.o)
    0x0002715a   0x00000040   Data   RO         1298    .constdata          mc_w.l(ctype_c.o)
    0x0002719a   0x00000084   Data   RO          678    .conststring        snmp_mib.o
    0x0002721e   0x00000002   PAD
    0x00027220   0x00000040   Data   RO         1302    Region$$Table       anon$$obj.o


    Execution Region RW_IRAM1 (Base: 0x10000000, Size: 0x00007530, Max: 0x00008000, ABSOLUTE, COMPRESSED[0x00000fa0])

    Base Addr    Size         Type   Attr      Idx    E Section Name        Object

    0x10000000   0x00000006   Data   RW           38    .data               net_config_http.o
    0x10000006   0x00000007   Data   RW           41    .data               net_config_http.o
    0x1000000d   0x00000001   PAD
    0x1000000e   0x00000002   Data   RW          165    .data               control.o
    0x10000010   0x00000002   Data   RW          167    .data               control.o
    0x10000012   0x00000002   Data   RW          171    .data               control.o
    0x10000014   0x00000001   Data   RW          175    .data               control.o
    0x10000015   0x00000003   PAD
    0x10000018   0x0000001a   Data   RW          268    .data               avar_hndl.o
    0x10000032   0x00000002   PAD
    0x10000034   0x0000035e   Data   RW          345    .data               main.o
    0x10000392   0x00000001   Data   RW          350    .data               main.o
    0x10000393   0x00000001   Data   RW          352    .data               main.o
    0x10000394   0x00000001   Data   RW          354    .data               main.o
    0x10000395   0x00000001   Data   RW          356    .data               main.o
    0x10000396   0x00000004   Data   RW          365    .data               main.o
    0x1000039a   0x00000004   Data   RW          367    .data               main.o
    0x1000039e   0x00000004   Data   RW          369    .data               main.o
    0x100003a2   0x00000006   Data   RW          372    .data               main.o
    0x100003a8   0x00000002   Data   RW          373    .data               main.o
    0x100003aa   0x00000002   Data   RW          375    .data               main.o
    0x100003ac   0x00000002   Data   RW          377    .data               main.o
    0x100003ae   0x00000002   Data   RW          379    .data               main.o
    0x100003b0   0x00000002   Data   RW          381    .data               main.o
    0x100003b2   0x00000002   Data   RW          383    .data               main.o
    0x100003b4   0x00000002   Data   RW          385    .data               main.o
    0x100003b6   0x00000002   Data   RW          387    .data               main.o
    0x100003b8   0x00000001   Data   RW          388    .data               main.o
    0x100003b9   0x00000001   PAD
    0x100003ba   0x00000002   Data   RW          390    .data               main.o
    0x100003bc   0x00000002   Data   RW          392    .data               main.o
    0x100003be   0x00000002   Data   RW          394    .data               main.o
    0x100003c0   0x00000002   Data   RW          396    .data               main.o
    0x100003c2   0x00000002   PAD
    0x100003c4   0x00000004   Data   RW          403    .data               main.o
    0x100003c8   0x00000002   Data   RW          412    .data               main.o
    0x100003ca   0x00000002   Data   RW          414    .data               main.o
    0x100003cc   0x00000002   Data   RW          416    .data               main.o
    0x100003ce   0x00000002   Data   RW          418    .data               main.o
    0x100003d0   0x00000002   Data   RW          420    .data               main.o
    0x100003d2   0x00000002   Data   RW          434    .data               main.o
    0x100003d4   0x00000005   Data   RW          435    .data               main.o
    0x100003d9   0x00000001   Data   RW          436    .data               main.o
    0x100003da   0x00000004   Data   RW          444    .data               main.o
    0x100003de   0x00000002   Data   RW          449    .data               main.o
    0x100003e0   0x00000002   Data   RW          466    .data               main.o
    0x100003e2   0x00000002   Data   RW          469    .data               main.o
    0x100003e4   0x00000001   Data   RW          472    .data               main.o
    0x100003e5   0x00000001   PAD
    0x100003e6   0x00000002   Data   RW          473    .data               main.o
    0x100003e8   0x00000006   Data   RW          476    .data               main.o
    0x100003ee   0x00000002   PAD
    0x100003f0   0x00000004   Data   RW          478    .data               main.o
    0x100003f4   0x00000002   Data   RW          480    .data               main.o
    0x100003f6   0x00000001   Data   RW          483    .data               main.o
    0x100003f7   0x00000001   PAD
    0x100003f8   0x00000002   Data   RW          484    .data               main.o
    0x100003fa   0x00000002   Data   RW          486    .data               main.o
    0x100003fc   0x00000008   Data   RW          489    .data               main.o
    0x10000404   0x00000003   Data   RW          494    .data               main.o
    0x10000407   0x00000001   PAD
    0x10000408   0x00000002   Data   RW          495    .data               main.o
    0x1000040a   0x00000002   Data   RW          498    .data               main.o
    0x1000040c   0x00000002   Data   RW          502    .data               main.o
    0x1000040e   0x00000002   Data   RW          504    .data               main.o
    0x10000410   0x00000002   Data   RW          506    .data               main.o
    0x10000412   0x00000002   PAD
    0x10000414   0x00000004   Data   RW          507    .data               main.o
    0x10000418   0x00000002   Data   RW          509    .data               main.o
    0x1000041a   0x00000002   Data   RW          512    .data               main.o
    0x1000041c   0x00000001   Data   RW          514    .data               main.o
    0x1000041d   0x00000001   Data   RW          520    .data               main.o
    0x1000041e   0x00000002   Data   RW          523    .data               main.o
    0x10000420   0x00000002   Data   RW          525    .data               main.o
    0x10000422   0x00000002   Data   RW          527    .data               main.o
    0x10000424   0x00000002   Data   RW          529    .data               main.o
    0x10000426   0x00000002   Data   RW          531    .data               main.o
    0x10000428   0x0000217c   Data   RW          634    .data               snmp_data_file.o
    0x100025a4   0x00000002   Data   RW          638    .data               snmp_data_file.o
    0x100025a6   0x00000002   Data   RW          643    .data               snmp_data_file.o
    0x100025a8   0x00000002   Data   RW          645    .data               snmp_data_file.o
    0x100025aa   0x00000001   Data   RW          649    .data               snmp_data_file.o
    0x100025ab   0x00000001   Data   RW          651    .data               snmp_data_file.o
    0x100025ac   0x00000001   Data   RW          653    .data               snmp_data_file.o
    0x100025ad   0x00000003   PAD
    0x100025b0   0x000032d0   Data   RW          680    .data               snmp_mib.o
    0x10005880   0x00000008   Data   RW          734    .data               timer.o
    0x10005888   0x0000000e   Data   RW          784    .data               ad7705.o
    0x10005896   0x00000002   PAD
    0x10005898   0x0000001c   Data   RW          831    .data               full_can.o
    0x100058b4   0x00000014   Data   RW          859    .data               uart0.o
    0x100058c8   0x0000000c   Data   RW          890    .data               modbus.o
    0x100058d4   0x00000006   Data   RW          949    .data               sacred_sun.o
    0x100058da   0x00000001   Data   RW          989    .data               ztt.o
    0x100058db   0x00000001   PAD
    0x100058dc   0x00000004   Data   RW         1071    .data               TCP_CM3.lib(at_tcp.o)
    0x100058e0   0x00000002   Data   RW         1108    .data               TCP_CM3.lib(at_udp.o)
    0x100058e2   0x00000002   PAD
    0x100058e4   0x00000008   Data   RW         1160    .data               TCP_CM3.lib(at_ethernet.o)
    0x100058ec   0x00000004   Data   RW         1221    .data               TCP_CM3.lib(at_mem.o)
    0x100058f0   0x0000008c   Zero   RW           15    .bss                net_config_http.o
    0x1000597c   0x00000440   Zero   RW          112    .bss                control.o
    0x10005dbc   0x0000004c   Zero   RW          333    .bss                main.o
    0x10005e08   0x0000002a   Zero   RW          334    .bss                main.o
    0x10005e32   0x0000000c   Zero   RW          341    .bss                main.o
    0x10005e3e   0x0000027a   Zero   RW          629    .bss                snmp_data_file.o
    0x100060b8   0x0000000a   Zero   RW          630    .bss                snmp_data_file.o
    0x100060c2   0x000001c2   Zero   RW          631    .bss                snmp_data_file.o
    0x10006284   0x00000864   Zero   RW          854    .bss                uart0.o
    0x10006ae8   0x00000040   Zero   RW          929    .bss                mcp2515.o
    0x10006b28   0x0000012c   Zero   RW          948    .bss                sacred_sun.o
    0x10006c54   0x00000020   Zero   RW          968    .bss                sc16is7xx.o
    0x10006c74   0x00000080   Zero   RW         1158    .bss                TCP_CM3.lib(at_ethernet.o)
    0x10006cf4   0x0000003c   Zero   RW         1230    .bss                TCP_CM3.lib(at_system.o)
    0x10006d30   0x00000800   Zero   RW            1    STACK               startup_lpc17xx.o


    Execution Region RW_IRAM2 (Base: 0x2007c000, Size: 0x00007520, Max: 0x00008000, ABSOLUTE, COMPRESSED[0x0000001c])

    Base Addr    Size         Type   Attr      Idx    E Section Name        Object

    0x2007c000   0x00000002   Data   RW           39    .data               net_config_http.o
    0x2007c002   0x00000002   Data   RW           40    .data               net_config_http.o
    0x2007c004   0x00000088   Data   RW          127    .data               control.o
    0x2007c08c   0x00000002   Data   RW          166    .data               control.o
    0x2007c08e   0x00000002   Data   RW          168    .data               control.o
    0x2007c090   0x00000008   Data   RW          223    .data               mess.o
    0x2007c098   0x00000014   Data   RW          238    .data               ret.o
    0x2007c0ac   0x00000001   Data   RW          351    .data               main.o
    0x2007c0ad   0x00000001   Data   RW          353    .data               main.o
    0x2007c0ae   0x00000001   Data   RW          355    .data               main.o
    0x2007c0af   0x00000001   Data   RW          357    .data               main.o
    0x2007c0b0   0x00000004   Data   RW          366    .data               main.o
    0x2007c0b4   0x00000004   Data   RW          368    .data               main.o
    0x2007c0b8   0x00000002   Data   RW          370    .data               main.o
    0x2007c0ba   0x00000006   Data   RW          371    .data               main.o
    0x2007c0c0   0x00000002   Data   RW          374    .data               main.o
    0x2007c0c2   0x00000002   Data   RW          376    .data               main.o
    0x2007c0c4   0x00000002   Data   RW          378    .data               main.o
    0x2007c0c6   0x00000002   Data   RW          380    .data               main.o
    0x2007c0c8   0x00000002   Data   RW          382    .data               main.o
    0x2007c0ca   0x00000002   Data   RW          384    .data               main.o
    0x2007c0cc   0x00000002   Data   RW          386    .data               main.o
    0x2007c0ce   0x00000002   Data   RW          389    .data               main.o
    0x2007c0d0   0x00000002   Data   RW          391    .data               main.o
    0x2007c0d2   0x00000002   Data   RW          393    .data               main.o
    0x2007c0d4   0x00000002   Data   RW          395    .data               main.o
    0x2007c0d6   0x00000004   Data   RW          397    .data               main.o
    0x2007c0da   0x00000001   Data   RW          410    .data               main.o
    0x2007c0db   0x00000001   PAD
    0x2007c0dc   0x00000002   Data   RW          411    .data               main.o
    0x2007c0de   0x00000002   Data   RW          413    .data               main.o
    0x2007c0e0   0x00000002   Data   RW          415    .data               main.o
    0x2007c0e2   0x00000002   Data   RW          417    .data               main.o
    0x2007c0e4   0x00000002   Data   RW          419    .data               main.o
    0x2007c0e6   0x00000002   Data   RW          426    .data               main.o
    0x2007c0e8   0x00000004   Data   RW          443    .data               main.o
    0x2007c0ec   0x00000002   Data   RW          448    .data               main.o
    0x2007c0ee   0x00000002   Data   RW          451    .data               main.o
    0x2007c0f0   0x00000004   Data   RW          455    .data               main.o
    0x2007c0f4   0x00000002   Data   RW          467    .data               main.o
    0x2007c0f6   0x00000002   Data   RW          470    .data               main.o
    0x2007c0f8   0x00000001   Data   RW          471    .data               main.o
    0x2007c0f9   0x00000001   PAD
    0x2007c0fa   0x00000006   Data   RW          474    .data               main.o
    0x2007c100   0x00000002   Data   RW          475    .data               main.o
    0x2007c102   0x00000006   Data   RW          477    .data               main.o
    0x2007c108   0x00000004   Data   RW          479    .data               main.o
    0x2007c10c   0x00000002   Data   RW          481    .data               main.o
    0x2007c10e   0x00000001   Data   RW          482    .data               main.o
    0x2007c10f   0x00000001   PAD
    0x2007c110   0x00000002   Data   RW          485    .data               main.o
    0x2007c112   0x00000002   Data   RW          490    .data               main.o
    0x2007c114   0x00000002   Data   RW          497    .data               main.o
    0x2007c116   0x00000002   Data   RW          501    .data               main.o
    0x2007c118   0x00000002   Data   RW          503    .data               main.o
    0x2007c11a   0x00000002   Data   RW          505    .data               main.o
    0x2007c11c   0x00000002   Data   RW          508    .data               main.o
    0x2007c11e   0x00000002   Data   RW          510    .data               main.o
    0x2007c120   0x00000001   Data   RW          511    .data               main.o
    0x2007c121   0x00000001   Data   RW          515    .data               main.o
    0x2007c122   0x00000002   Data   RW          519    .data               main.o
    0x2007c124   0x00000001   Data   RW          522    .data               main.o
    0x2007c125   0x00000001   PAD
    0x2007c126   0x00000002   Data   RW          524    .data               main.o
    0x2007c128   0x00000002   Data   RW          526    .data               main.o
    0x2007c12a   0x00000002   Data   RW          528    .data               main.o
    0x2007c12c   0x00000002   Data   RW          530    .data               main.o
    0x2007c12e   0x00000002   Data   RW          635    .data               snmp_data_file.o
    0x2007c130   0x00000002   Data   RW          639    .data               snmp_data_file.o
    0x2007c132   0x00000008   Data   RW          640    .data               snmp_data_file.o
    0x2007c13a   0x00000002   Data   RW          644    .data               snmp_data_file.o
    0x2007c13c   0x00000002   Data   RW          646    .data               snmp_data_file.o
    0x2007c13e   0x00000001   Data   RW          650    .data               snmp_data_file.o
    0x2007c13f   0x00000001   Data   RW          652    .data               snmp_data_file.o
    0x2007c140   0x00000004   Data   RW          713    .data               system_lpc17xx.o
    0x2007c144   0x0000000c   Data   RW          768    .data               beep.o
    0x2007c150   0x00000001   Data   RW          889    .data               modbus.o
    0x2007c151   0x00000005   Data   RW          930    .data               mcp2515.o
    0x2007c156   0x00000007   Data   RW          969    .data               sc16is7xx.o
    0x2007c15d   0x00000001   PAD
    0x2007c15e   0x00000006   Data   RW          990    .data               ztt.o
    0x2007c164   0x0000000c   Data   RW         1004    .data               modbus_tcp.o
    0x2007c170   0x00000008   Data   RW         1023    .data               emac_lpc17xx.o
    0x2007c178   0x00000004   Data   RW         1134    .data               TCP_CM3.lib(at_snmp.o)
    0x2007c17c   0x00000008   Data   RW         1231    .data               TCP_CM3.lib(at_system.o)
    0x2007c184   0x00000002   Data   RW         1248    .data               TCP_CM3.lib(at_arp.o)
    0x2007c186   0x00000004   Data   RW         1266    .data               TCP_CM3.lib(at_ip.o)
    0x2007c18a   0x00000002   PAD
    0x2007c18c   0x00002890   Zero   RW           14    .bss                net_config_http.o
    0x2007ea1c   0x0000003c   Zero   RW           16    .bss                net_config_http.o
    0x2007ea58   0x000000b0   Zero   RW           17    .bss                net_config_http.o
    0x2007eb08   0x00000070   Zero   RW          222    .bss                mess.o
    0x2007eb78   0x00001a14   Zero   RW          332    .bss                main.o
    0x2008058c   0x00000032   Zero   RW          337    .bss                main.o
    0x200805be   0x0000001e   Zero   RW          339    .bss                main.o
    0x200805dc   0x00000014   Zero   RW          340    .bss                main.o
    0x200805f0   0x00000200   Zero   RW          342    .bss                main.o
    0x200807f0   0x00000040   Zero   RW          783    .bss                ad7705.o
    0x20080830   0x000001ba   Zero   RW          825    .bss                full_can.o
    0x200809ea   0x000000a0   Zero   RW          887    .bss                modbus.o
    0x20080a8a   0x00000014   Zero   RW         1003    .bss                modbus_tcp.o
    0x20080a9e   0x00000002   PAD
    0x20080aa0   0x00002a64   Zero   RW         1022    .bss                emac_lpc17xx.o
    0x20083504   0x0000001c   Zero   RW         1133    .bss                TCP_CM3.lib(at_snmp.o)


==============================================================================

Image component sizes


      Code (inc. data)   RO Data    RW Data    ZI Data      Debug   Object Name

      1428         16          0          0          0       4002   25lc640.o
       684         24          0         14         64       2783   ad7705.o
      5754        484          0         26          0       8257   avar_hndl.o
       392         40          0         12          0       1263   beep.o
      6476         70          0          0          0      39271   common_func.o
     14948       2568          8        147       1088      47506   control.o
         0          0        140          0          0       1955   eeprom_map.o
      1276         64          0          8      10852      15171   emac_lpc17xx.o
      9652        326        512         28        442      20628   full_can.o
       106          0          0          0          0       1236   gran.o
      1560         22          0          0          0       3749   lcd_agm1232_uku207_3.o
     85024      15188       1691       1128       7418      90630   main.o
       996         26          0          5         64       3717   mcp2515.o
      3456        786          0          0          0       1436   memo.o
       260         10          0          8        112       1883   mess.o
      3180        188          0         13        160       5751   modbus.o
      1110         28          0         12         20       2436   modbus_tcp.o
        68          0         90         17      10760      12876   net_config_http.o
       140          8          0         20          0       1571   ret.o
       228         44          0          6        300       1656   sacred_sun.o
       708         36          0          7         32       3266   sc16is7xx.o
         0          0          0          0          0      17004   simbols.o
      6692        966         81       8599       1094      24370   snmp_data_file.o
         0          0        141      13008          0        925   snmp_mib.o
        32          8        204          0       2048        880   startup_lpc17xx.o
       432         24          0          4          0        695   system_lpc17xx.o
       312         16          0          8          0      24088   timer.o
      2680        172          0         20       2148      12968   uart0.o
         0          0          0          7          0        647   ztt.o

    ----------------------------------------------------------------------
    147600      21114       2942      23124      36604     352620   Object Totals
         0          0         64          0          0          0   (incl. Generated)
         6          0         11         27          2          0   (incl. Padding)

    ----------------------------------------------------------------------

      Code (inc. data)   RO Data    RW Data    ZI Data      Debug   Library Member Name

      1500        156          0          2          0        892   at_arp.o
       428         48          6          8        128        544   at_ethernet.o
       116          0          0          0          0         88   at_icmp.o
       502         26          4          4          0        332   at_ip.o
       272          0          0          0          0        852   at_lib.o
       356         38          0          4          0        348   at_mem.o
      2402        110          0          4         28       1136   at_snmp.o
       128         28          0          8         60        216   at_system.o
      2960        170          0          4          0       1316   at_tcp.o
       704         50          0          2          0        484   at_udp.o
        92          0          0          0          0          0   __dczerorl2.o
        40          6         64          0          0         68   ctype_c.o
         0          0          0          0          0          0   entry.o
         8          4          0          0          0          0   entry2.o
         4          0          0          0          0          0   entry5.o
         8          4          0          0          0          0   entry7.o
        30          0          0          0          0          0   handlers.o
        36          8          0          0          0         68   init.o
         8          0          0          0          0         68   isalnum_c.o
         8          0          0          0          0         68   isdigit_c.o
         8          0          0          0          0         68   islower_c.o
         8          0          0          0          0         68   isupper_c.o
        36          0          0          0          0         68   memcpya.o
        38          0          0          0          0        108   memseta.o
        16          0          0          0          0         68   strlen.o

    ----------------------------------------------------------------------
      9736        648         74         40        216       6860   Library Totals
        28          0          0          4          0          0   (incl. Padding)

    ----------------------------------------------------------------------

      Code (inc. data)   RO Data    RW Data    ZI Data      Debug   Library Name

      9368        626         10         36        216       6208   TCP_CM3.lib
       340         22         64          0          0        652   mc_w.l

    ----------------------------------------------------------------------
      9736        648         74         40        216       6860   Library Totals

    ----------------------------------------------------------------------

==============================================================================


      Code (inc. data)   RO Data    RW Data    ZI Data      Debug   

    157336      21762       3016      23164      36820     353136   Grand Totals
    157336      21762       3016       4028      36820     353136   ELF Image Totals (compressed)
    157336      21762       3016       4028          0          0   ROM Totals

==============================================================================

    Total RO  Size (Code + RO Data)               160352 ( 156.59kB)
    Total RW  Size (RW Data + ZI Data)             59984 (  58.58kB)
    Total ROM Size (Code + RO Data + RW Data)     164380 ( 160.53kB)

==============================================================================

